Archive member included to satisfy reference by file (symbol)

c:/st/stm32cubeide_1.0.2/stm32cubeide/plugins/com.st.stm32cube.ide.mcu.externaltools.gnu-tools-for-stm32.7-2018-q2-update.win32_1.0.0.201904181610/tools/bin/../lib/gcc/arm-none-eabi/7.3.1/../../../../arm-none-eabi/lib/thumb/v7e-m/fpv4-sp/hard\libc_nano.a(lib_a-atoi.o)
                              Src/main.o (atoi)
c:/st/stm32cubeide_1.0.2/stm32cubeide/plugins/com.st.stm32cube.ide.mcu.externaltools.gnu-tools-for-stm32.7-2018-q2-update.win32_1.0.0.201904181610/tools/bin/../lib/gcc/arm-none-eabi/7.3.1/../../../../arm-none-eabi/lib/thumb/v7e-m/fpv4-sp/hard\libc_nano.a(lib_a-errno.o)
                              Src/syscalls.o (__errno)
c:/st/stm32cubeide_1.0.2/stm32cubeide/plugins/com.st.stm32cube.ide.mcu.externaltools.gnu-tools-for-stm32.7-2018-q2-update.win32_1.0.0.201904181610/tools/bin/../lib/gcc/arm-none-eabi/7.3.1/../../../../arm-none-eabi/lib/thumb/v7e-m/fpv4-sp/hard\libc_nano.a(lib_a-exit.o)
                              c:/st/stm32cubeide_1.0.2/stm32cubeide/plugins/com.st.stm32cube.ide.mcu.externaltools.gnu-tools-for-stm32.7-2018-q2-update.win32_1.0.0.201904181610/tools/bin/../lib/gcc/arm-none-eabi/7.3.1/../../../../arm-none-eabi/lib/thumb/v7e-m/fpv4-sp/hard/crt0.o (exit)
c:/st/stm32cubeide_1.0.2/stm32cubeide/plugins/com.st.stm32cube.ide.mcu.externaltools.gnu-tools-for-stm32.7-2018-q2-update.win32_1.0.0.201904181610/tools/bin/../lib/gcc/arm-none-eabi/7.3.1/../../../../arm-none-eabi/lib/thumb/v7e-m/fpv4-sp/hard\libc_nano.a(lib_a-impure.o)
                              c:/st/stm32cubeide_1.0.2/stm32cubeide/plugins/com.st.stm32cube.ide.mcu.externaltools.gnu-tools-for-stm32.7-2018-q2-update.win32_1.0.0.201904181610/tools/bin/../lib/gcc/arm-none-eabi/7.3.1/../../../../arm-none-eabi/lib/thumb/v7e-m/fpv4-sp/hard\libc_nano.a(lib_a-exit.o) (_global_impure_ptr)
c:/st/stm32cubeide_1.0.2/stm32cubeide/plugins/com.st.stm32cube.ide.mcu.externaltools.gnu-tools-for-stm32.7-2018-q2-update.win32_1.0.0.201904181610/tools/bin/../lib/gcc/arm-none-eabi/7.3.1/../../../../arm-none-eabi/lib/thumb/v7e-m/fpv4-sp/hard\libc_nano.a(lib_a-init.o)
                              c:/st/stm32cubeide_1.0.2/stm32cubeide/plugins/com.st.stm32cube.ide.mcu.externaltools.gnu-tools-for-stm32.7-2018-q2-update.win32_1.0.0.201904181610/tools/bin/../lib/gcc/arm-none-eabi/7.3.1/../../../../arm-none-eabi/lib/thumb/v7e-m/fpv4-sp/hard/crt0.o (__libc_init_array)
c:/st/stm32cubeide_1.0.2/stm32cubeide/plugins/com.st.stm32cube.ide.mcu.externaltools.gnu-tools-for-stm32.7-2018-q2-update.win32_1.0.0.201904181610/tools/bin/../lib/gcc/arm-none-eabi/7.3.1/../../../../arm-none-eabi/lib/thumb/v7e-m/fpv4-sp/hard\libc_nano.a(lib_a-memset.o)
                              c:/st/stm32cubeide_1.0.2/stm32cubeide/plugins/com.st.stm32cube.ide.mcu.externaltools.gnu-tools-for-stm32.7-2018-q2-update.win32_1.0.0.201904181610/tools/bin/../lib/gcc/arm-none-eabi/7.3.1/../../../../arm-none-eabi/lib/thumb/v7e-m/fpv4-sp/hard/crt0.o (memset)
c:/st/stm32cubeide_1.0.2/stm32cubeide/plugins/com.st.stm32cube.ide.mcu.externaltools.gnu-tools-for-stm32.7-2018-q2-update.win32_1.0.0.201904181610/tools/bin/../lib/gcc/arm-none-eabi/7.3.1/../../../../arm-none-eabi/lib/thumb/v7e-m/fpv4-sp/hard\libc_nano.a(lib_a-strchr.o)
                              Src/main.o (strchr)
c:/st/stm32cubeide_1.0.2/stm32cubeide/plugins/com.st.stm32cube.ide.mcu.externaltools.gnu-tools-for-stm32.7-2018-q2-update.win32_1.0.0.201904181610/tools/bin/../lib/gcc/arm-none-eabi/7.3.1/../../../../arm-none-eabi/lib/thumb/v7e-m/fpv4-sp/hard\libc_nano.a(lib_a-strstr.o)
                              Src/main.o (strstr)
c:/st/stm32cubeide_1.0.2/stm32cubeide/plugins/com.st.stm32cube.ide.mcu.externaltools.gnu-tools-for-stm32.7-2018-q2-update.win32_1.0.0.201904181610/tools/bin/../lib/gcc/arm-none-eabi/7.3.1/../../../../arm-none-eabi/lib/thumb/v7e-m/fpv4-sp/hard\libc_nano.a(lib_a-strtol.o)
                              c:/st/stm32cubeide_1.0.2/stm32cubeide/plugins/com.st.stm32cube.ide.mcu.externaltools.gnu-tools-for-stm32.7-2018-q2-update.win32_1.0.0.201904181610/tools/bin/../lib/gcc/arm-none-eabi/7.3.1/../../../../arm-none-eabi/lib/thumb/v7e-m/fpv4-sp/hard\libc_nano.a(lib_a-atoi.o) (_strtol_r)
c:/st/stm32cubeide_1.0.2/stm32cubeide/plugins/com.st.stm32cube.ide.mcu.externaltools.gnu-tools-for-stm32.7-2018-q2-update.win32_1.0.0.201904181610/tools/bin/../lib/gcc/arm-none-eabi/7.3.1/../../../../arm-none-eabi/lib/thumb/v7e-m/fpv4-sp/hard\libc_nano.a(lib_a-locale.o)
                              c:/st/stm32cubeide_1.0.2/stm32cubeide/plugins/com.st.stm32cube.ide.mcu.externaltools.gnu-tools-for-stm32.7-2018-q2-update.win32_1.0.0.201904181610/tools/bin/../lib/gcc/arm-none-eabi/7.3.1/../../../../arm-none-eabi/lib/thumb/v7e-m/fpv4-sp/hard\libc_nano.a(lib_a-strtol.o) (__locale_ctype_ptr_l)
[...]
Memory Configuration

Name             Origin             Length             Attributes
CCMRAM           0x0000000010000000 0x0000000000001000 xrw
RAM              0x0000000020000000 0x0000000000003000 xrw
FLASH            0x0000000008000000 0x0000000000010000 xr
*default*        0x0000000000000000 0xffffffffffffffff

Linker script and memory map

LOAD c:/st/stm32cubeide_1.0.2/stm32cubeide/plugins/com.st.stm32cube.ide.mcu.externaltools.gnu-tools-for-stm32.7-2018-q2-update.win32_1.0.0.201904181610/tools/bin/../lib/gcc/arm-none-eabi/7.3.1/thumb/v7e-m/fpv4-sp/hard/crti.o
LOAD c:/st/stm32cubeide_1.0.2/stm32cubeide/plugins/com.st.stm32cube.ide.mcu.externaltools.gnu-tools-for-stm32.7-2018-q2-update.win32_1.0.0.201904181610/tools/bin/../lib/gcc/arm-none-eabi/7.3.1/thumb/v7e-m/fpv4-sp/hard/crtbegin.o
LOAD c:/st/stm32cubeide_1.0.2/stm32cubeide/plugins/com.st.stm32cube.ide.mcu.externaltools.gnu-tools-for-stm32.7-2018-q2-update.win32_1.0.0.201904181610/tools/bin/../lib/gcc/arm-none-eabi/7.3.1/../../../../arm-none-eabi/lib/thumb/v7e-m/fpv4-sp/hard/crt0.o
LOAD Drivers/STM32F3xx_HAL_Driver/Src/stm32f3xx_hal.o
LOAD Drivers/STM32F3xx_HAL_Driver/Src/stm32f3xx_hal_cortex.o
LOAD Drivers/STM32F3xx_HAL_Driver/Src/stm32f3xx_hal_dma.o
LOAD Drivers/STM32F3xx_HAL_Driver/Src/stm32f3xx_hal_flash.o
LOAD Drivers/STM32F3xx_HAL_Driver/Src/stm32f3xx_hal_flash_ex.o
LOAD Drivers/STM32F3xx_HAL_Driver/Src/stm32f3xx_hal_gpio.o
LOAD Drivers/STM32F3xx_HAL_Driver/Src/stm32f3xx_hal_i2c.o
LOAD Drivers/STM32F3xx_HAL_Driver/Src/stm32f3xx_hal_i2c_ex.o
LOAD Drivers/STM32F3xx_HAL_Driver/Src/stm32f3xx_hal_pwr.o
LOAD Drivers/STM32F3xx_HAL_Driver/Src/stm32f3xx_hal_pwr_ex.o
LOAD Drivers/STM32F3xx_HAL_Driver/Src/stm32f3xx_hal_rcc.o
LOAD Drivers/STM32F3xx_HAL_Driver/Src/stm32f3xx_hal_rcc_ex.o
LOAD Drivers/STM32F3xx_HAL_Driver/Src/stm32f3xx_hal_spi.o
LOAD Drivers/STM32F3xx_HAL_Driver/Src/stm32f3xx_hal_spi_ex.o
LOAD Drivers/STM32F3xx_HAL_Driver/Src/stm32f3xx_hal_tim.o
LOAD Drivers/STM32F3xx_HAL_Driver/Src/stm32f3xx_hal_tim_ex.o
LOAD Drivers/STM32F3xx_HAL_Driver/Src/stm32f3xx_ll_dma.o
LOAD Drivers/STM32F3xx_HAL_Driver/Src/stm32f3xx_ll_exti.o
LOAD Drivers/STM32F3xx_HAL_Driver/Src/stm32f3xx_ll_gpio.o
LOAD Drivers/STM32F3xx_HAL_Driver/Src/stm32f3xx_ll_rcc.o
LOAD Drivers/STM32F3xx_HAL_Driver/Src/stm32f3xx_ll_usart.o
LOAD Drivers/STM32F3xx_HAL_Driver/Src/stm32f3xx_ll_utils.o
LOAD Middlewares/Third_Party/FatFs/src/diskio.o
LOAD Middlewares/Third_Party/FatFs/src/ff.o
LOAD Middlewares/Third_Party/FatFs/src/ff_gen_drv.o
LOAD Middlewares/Third_Party/FatFs/src/option/ccsbcs.o
LOAD Middlewares/Third_Party/FatFs/src/option/syscall.o
LOAD Src/fatfs.o
LOAD Src/fatfs_sd.o
LOAD Src/gpio.o
LOAD Src/main.o
LOAD Src/spi.o
LOAD Src/stm32f3xx_hal_msp.o
LOAD Src/stm32f3xx_it.o
LOAD Src/syscalls.o
LOAD Src/sysmem.o
LOAD Src/system_stm32f3xx.o
LOAD Src/usart.o
LOAD Src/user_diskio.o
LOAD Startup/startup_stm32f303k8tx.o
START GROUP
LOAD c:/st/stm32cubeide_1.0.2/stm32cubeide/plugins/com.st.stm32cube.ide.mcu.externaltools.gnu-tools-for-stm32.7-2018-q2-update.win32_1.0.0.201904181610/tools/bin/../lib/gcc/arm-none-eabi/7.3.1/../../../../arm-none-eabi/lib/thumb/v7e-m/fpv4-sp/hard\libc_nano.a
LOAD c:/st/stm32cubeide_1.0.2/stm32cubeide/plugins/com.st.stm32cube.ide.mcu.externaltools.gnu-tools-for-stm32.7-2018-q2-update.win32_1.0.0.201904181610/tools/bin/../lib/gcc/arm-none-eabi/7.3.1/../../../../arm-none-eabi/lib/thumb/v7e-m/fpv4-sp/hard\libm.a
END GROUP
START GROUP
LOAD c:/st/stm32cubeide_1.0.2/stm32cubeide/plugins/com.st.stm32cube.ide.mcu.externaltools.gnu-tools-for-stm32.7-2018-q2-update.win32_1.0.0.201904181610/tools/bin/../lib/gcc/arm-none-eabi/7.3.1/thumb/v7e-m/fpv4-sp/hard\libgcc.a
LOAD c:/st/stm32cubeide_1.0.2/stm32cubeide/plugins/com.st.stm32cube.ide.mcu.externaltools.gnu-tools-for-stm32.7-2018-q2-update.win32_1.0.0.201904181610/tools/bin/../lib/gcc/arm-none-eabi/7.3.1/../../../../arm-none-eabi/lib/thumb/v7e-m/fpv4-sp/hard\libc_nano.a
END GROUP
START GROUP
LOAD c:/st/stm32cubeide_1.0.2/stm32cubeide/plugins/com.st.stm32cube.ide.mcu.externaltools.gnu-tools-for-stm32.7-2018-q2-update.win32_1.0.0.201904181610/tools/bin/../lib/gcc/arm-none-eabi/7.3.1/thumb/v7e-m/fpv4-sp/hard\libgcc.a
LOAD c:/st/stm32cubeide_1.0.2/stm32cubeide/plugins/com.st.stm32cube.ide.mcu.externaltools.gnu-tools-for-stm32.7-2018-q2-update.win32_1.0.0.201904181610/tools/bin/../lib/gcc/arm-none-eabi/7.3.1/../../../../arm-none-eabi/lib/thumb/v7e-m/fpv4-sp/hard\libc_nano.a
LOAD c:/st/stm32cubeide_1.0.2/stm32cubeide/plugins/com.st.stm32cube.ide.mcu.externaltools.gnu-tools-for-stm32.7-2018-q2-update.win32_1.0.0.201904181610/tools/bin/../lib/gcc/arm-none-eabi/7.3.1/../../../../arm-none-eabi/lib/thumb/v7e-m/fpv4-sp/hard\libnosys.a
END GROUP
START GROUP
LOAD c:/st/stm32cubeide_1.0.2/stm32cubeide/plugins/com.st.stm32cube.ide.mcu.externaltools.gnu-tools-for-stm32.7-2018-q2-update.win32_1.0.0.201904181610/tools/bin/../lib/gcc/arm-none-eabi/7.3.1/thumb/v7e-m/fpv4-sp/hard\libgcc.a
LOAD c:/st/stm32cubeide_1.0.2/stm32cubeide/plugins/com.st.stm32cube.ide.mcu.externaltools.gnu-tools-for-stm32.7-2018-q2-update.win32_1.0.0.201904181610/tools/bin/../lib/gcc/arm-none-eabi/7.3.1/../../../../arm-none-eabi/lib/thumb/v7e-m/fpv4-sp/hard\libc_nano.a
LOAD c:/st/stm32cubeide_1.0.2/stm32cubeide/plugins/com.st.stm32cube.ide.mcu.externaltools.gnu-tools-for-stm32.7-2018-q2-update.win32_1.0.0.201904181610/tools/bin/../lib/gcc/arm-none-eabi/7.3.1/../../../../arm-none-eabi/lib/thumb/v7e-m/fpv4-sp/hard\libnosys.a
END GROUP
LOAD c:/st/stm32cubeide_1.0.2/stm32cubeide/plugins/com.st.stm32cube.ide.mcu.externaltools.gnu-tools-for-stm32.7-2018-q2-update.win32_1.0.0.201904181610/tools/bin/../lib/gcc/arm-none-eabi/7.3.1/thumb/v7e-m/fpv4-sp/hard/crtend.o
LOAD c:/st/stm32cubeide_1.0.2/stm32cubeide/plugins/com.st.stm32cube.ide.mcu.externaltools.gnu-tools-for-stm32.7-2018-q2-update.win32_1.0.0.201904181610/tools/bin/../lib/gcc/arm-none-eabi/7.3.1/thumb/v7e-m/fpv4-sp/hard/crtn.o
                0x0000000020003000                _estack = 0x20003000
                0x0000000000000200                _Min_Heap_Size = 0x200
                0x0000000000000400                _Min_Stack_Size = 0x400

.isr_vector     0x0000000008000000      0x188
                0x0000000008000000                . = ALIGN (0x4)
 *(.isr_vector)
 .isr_vector    0x0000000008000000      0x188 Startup/startup_stm32f303k8tx.o
                0x0000000008000000                g_pfnVectors
                0x0000000008000188                . = ALIGN (0x4)

.text           0x0000000008000188     0x7048
                0x0000000008000188                . = ALIGN (0x4)
 *(.text)
 .text          0x0000000008000188       0x40 c:/st/stm32cubeide_1.0.2/stm32cubeide/plugins/com.st.stm32cube.ide.mcu.externaltools.gnu-tools-for-stm32.7-2018-q2-update.win32_1.0.0.201904181610/tools/bin/../lib/gcc/arm-none-eabi/7.3.1/thumb/v7e-m/fpv4-sp/hard/crtbegin.o
 *(.text*)
 .text.HAL_Init
                0x00000000080001c8       0x2c Drivers/STM32F3xx_HAL_Driver/Src/stm32f3xx_hal.o
                0x00000000080001c8                HAL_Init
 .text.HAL_InitTick
                0x00000000080001f4       0x60 Drivers/STM32F3xx_HAL_Driver/Src/stm32f3xx_hal.o
                0x00000000080001f4                HAL_InitTick
 .text.HAL_IncTick
                0x0000000008000254       0x28 Drivers/STM32F3xx_HAL_Driver/Src/stm32f3xx_hal.o
                0x0000000008000254                HAL_IncTick
 .text.HAL_GetTick
                0x000000000800027c       0x18 Drivers/STM32F3xx_HAL_Driver/Src/stm32f3xx_hal.o
                0x000000000800027c                HAL_GetTick
 .text.NVIC_SetPriorityGrouping
                0x0000000008000294       0x48 Drivers/STM32F3xx_HAL_Driver/Src/stm32f3xx_hal_cortex.o
 .text.NVIC_GetPriorityGrouping
                0x00000000080002dc       0x1c Drivers/STM32F3xx_HAL_Driver/Src/stm32f3xx_hal_cortex.o
 .text.NVIC_SetPriority
                0x00000000080002f8       0x54 Drivers/STM32F3xx_HAL_Driver/Src/stm32f3xx_hal_cortex.o
 .text.NVIC_EncodePriority
                0x000000000800034c       0x66 Drivers/STM32F3xx_HAL_Driver/Src/stm32f3xx_hal_cortex.o
 *fill*         0x00000000080003b2        0x2 
 .text.SysTick_Config
                0x00000000080003b4       0x44 Drivers/STM32F3xx_HAL_Driver/Src/stm32f3xx_hal_cortex.o
 .text.HAL_NVIC_SetPriorityGrouping
                0x00000000080003f8       0x16 Drivers/STM32F3xx_HAL_Driver/Src/stm32f3xx_hal_cortex.o
                0x00000000080003f8                HAL_NVIC_SetPriorityGrouping
 .text.HAL_NVIC_SetPriority
                0x000000000800040e       0x38 Drivers/STM32F3xx_HAL_Driver/Src/stm32f3xx_hal_cortex.o
                0x000000000800040e                HAL_NVIC_SetPriority
 .text.HAL_SYSTICK_Config
                0x0000000008000446       0x18 Drivers/STM32F3xx_HAL_Driver/Src/stm32f3xx_hal_cortex.o
                0x0000000008000446                HAL_SYSTICK_Config
 *fill*         0x000000000800045e        0x2 
 .text.HAL_GPIO_Init
                0x0000000008000460      0x2ec Drivers/STM32F3xx_HAL_Driver/Src/stm32f3xx_hal_gpio.o
                0x0000000008000460                HAL_GPIO_Init
 .text.HAL_GPIO_WritePin
                0x000000000800074c       0x30 Drivers/STM32F3xx_HAL_Driver/Src/stm32f3xx_hal_gpio.o
                0x000000000800074c                HAL_GPIO_WritePin
 .text.HAL_SPI_Init
                0x000000000800077c      0x114 Drivers/STM32F3xx_HAL_Driver/Src/stm32f3xx_hal_spi.o
                0x000000000800077c                HAL_SPI_Init
 .text.HAL_SPI_Transmit
                0x0000000008000890      0x2ac Drivers/STM32F3xx_HAL_Driver/Src/stm32f3xx_hal_spi.o
                0x0000000008000890                HAL_SPI_Transmit
 .text.HAL_SPI_TransmitReceive
                0x0000000008000b3c      0x400 Drivers/STM32F3xx_HAL_Driver/Src/stm32f3xx_hal_spi.o
                0x0000000008000b3c                HAL_SPI_TransmitReceive
 .text.HAL_SPI_GetState
                0x0000000008000f3c       0x1c Drivers/STM32F3xx_HAL_Driver/Src/stm32f3xx_hal_spi.o
                0x0000000008000f3c                HAL_SPI_GetState
 .text.SPI_WaitFlagStateUntilTimeout
                0x0000000008000f58       0xd0 Drivers/STM32F3xx_HAL_Driver/Src/stm32f3xx_hal_spi.o
 .text.SPI_WaitFifoStateUntilTimeout
                0x0000000008001028       0xe0 Drivers/STM32F3xx_HAL_Driver/Src/stm32f3xx_hal_spi.o
 .text.SPI_EndRxTxTransaction
                0x0000000008001108       0x8c Drivers/STM32F3xx_HAL_Driver/Src/stm32f3xx_hal_spi.o
 .text.LL_GPIO_SetPinMode
                0x0000000008001194       0x5a Drivers/STM32F3xx_HAL_Driver/Src/stm32f3xx_ll_gpio.o
 .text.LL_GPIO_SetPinOutputType
                0x00000000080011ee       0x30 Drivers/STM32F3xx_HAL_Driver/Src/stm32f3xx_ll_gpio.o
 .text.LL_GPIO_SetPinSpeed
                0x000000000800121e       0x5a Drivers/STM32F3xx_HAL_Driver/Src/stm32f3xx_ll_gpio.o
 .text.LL_GPIO_SetPinPull
                0x0000000008001278       0x5a Drivers/STM32F3xx_HAL_Driver/Src/stm32f3xx_ll_gpio.o
 .text.LL_GPIO_SetAFPin_0_7
                0x00000000080012d2       0x5a Drivers/STM32F3xx_HAL_Driver/Src/stm32f3xx_ll_gpio.o
 .text.LL_GPIO_SetAFPin_8_15
                0x000000000800132c       0x5e Drivers/STM32F3xx_HAL_Driver/Src/stm32f3xx_ll_gpio.o
 .text.LL_GPIO_Init
                0x000000000800138a       0xf4 Drivers/STM32F3xx_HAL_Driver/Src/stm32f3xx_ll_gpio.o
                0x000000000800138a                LL_GPIO_Init
 *fill*         0x000000000800147e        0x2 
 .text.LL_RCC_HSI_IsReady
                0x0000000008001480       0x24 Drivers/STM32F3xx_HAL_Driver/Src/stm32f3xx_ll_rcc.o
 .text.LL_RCC_LSE_IsReady
                0x00000000080014a4       0x24 Drivers/STM32F3xx_HAL_Driver/Src/stm32f3xx_ll_rcc.o
 .text.LL_RCC_GetSysClkSource
                0x00000000080014c8       0x1c Drivers/STM32F3xx_HAL_Driver/Src/stm32f3xx_ll_rcc.o
 .text.LL_RCC_GetAHBPrescaler
                0x00000000080014e4       0x1c Drivers/STM32F3xx_HAL_Driver/Src/stm32f3xx_ll_rcc.o
 .text.LL_RCC_GetAPB1Prescaler
                0x0000000008001500       0x1c Drivers/STM32F3xx_HAL_Driver/Src/stm32f3xx_ll_rcc.o
 .text.LL_RCC_GetAPB2Prescaler
                0x000000000800151c       0x1c Drivers/STM32F3xx_HAL_Driver/Src/stm32f3xx_ll_rcc.o
 .text.LL_RCC_GetUSARTClockSource
                0x0000000008001538       0x2c Drivers/STM32F3xx_HAL_Driver/Src/stm32f3xx_ll_rcc.o
 .text.LL_RCC_PLL_GetMainSource
                0x0000000008001564       0x1c Drivers/STM32F3xx_HAL_Driver/Src/stm32f3xx_ll_rcc.o
 .text.LL_RCC_PLL_GetMultiplicator
                0x0000000008001580       0x1c Drivers/STM32F3xx_HAL_Driver/Src/stm32f3xx_ll_rcc.o
 .text.LL_RCC_PLL_GetPrediv
                0x000000000800159c       0x1c Drivers/STM32F3xx_HAL_Driver/Src/stm32f3xx_ll_rcc.o
 .text.LL_RCC_GetSystemClocksFreq
                0x00000000080015b8       0x4a Drivers/STM32F3xx_HAL_Driver/Src/stm32f3xx_ll_rcc.o
                0x00000000080015b8                LL_RCC_GetSystemClocksFreq
 *fill*         0x0000000008001602        0x2 
 .text.LL_RCC_GetUSARTClockFreq
                0x0000000008001604       0x80 Drivers/STM32F3xx_HAL_Driver/Src/stm32f3xx_ll_rcc.o
                0x0000000008001604                LL_RCC_GetUSARTClockFreq
 .text.RCC_GetSystemClockFreq
                0x0000000008001684       0x44 Drivers/STM32F3xx_HAL_Driver/Src/stm32f3xx_ll_rcc.o
                0x0000000008001684                RCC_GetSystemClockFreq
 .text.RCC_GetHCLKClockFreq
                0x00000000080016c8       0x2c Drivers/STM32F3xx_HAL_Driver/Src/stm32f3xx_ll_rcc.o
                0x00000000080016c8                RCC_GetHCLKClockFreq
 .text.RCC_GetPCLK1ClockFreq
                0x00000000080016f4       0x28 Drivers/STM32F3xx_HAL_Driver/Src/stm32f3xx_ll_rcc.o
                0x00000000080016f4                RCC_GetPCLK1ClockFreq
 .text.RCC_GetPCLK2ClockFreq
                0x000000000800171c       0x28 Drivers/STM32F3xx_HAL_Driver/Src/stm32f3xx_ll_rcc.o
                0x000000000800171c                RCC_GetPCLK2ClockFreq
 .text.RCC_PLL_GetFreqDomain_SYS
                0x0000000008001744       0x78 Drivers/STM32F3xx_HAL_Driver/Src/stm32f3xx_ll_rcc.o
                0x0000000008001744                RCC_PLL_GetFreqDomain_SYS
 .text.LL_USART_IsEnabled
                0x00000000080017bc       0x26 Drivers/STM32F3xx_HAL_Driver/Src/stm32f3xx_ll_usart.o
 .text.LL_USART_SetStopBitsLength
                0x00000000080017e2       0x26 Drivers/STM32F3xx_HAL_Driver/Src/stm32f3xx_ll_usart.o
 .text.LL_USART_SetHWFlowCtrl
                0x0000000008001808       0x26 Drivers/STM32F3xx_HAL_Driver/Src/stm32f3xx_ll_usart.o
 .text.LL_USART_SetBaudRate
                0x000000000800182e       0x64 Drivers/STM32F3xx_HAL_Driver/Src/stm32f3xx_ll_usart.o
 *fill*         0x0000000008001892        0x2 
 .text.LL_USART_Init
                0x0000000008001894       0xd8 Drivers/STM32F3xx_HAL_Driver/Src/stm32f3xx_ll_usart.o
                0x0000000008001894                LL_USART_Init
 .text.LL_mDelay
                0x000000000800196c       0x48 Drivers/STM32F3xx_HAL_Driver/Src/stm32f3xx_ll_utils.o
                0x000000000800196c                LL_mDelay
 .text.LL_SetSystemCoreClock
                0x00000000080019b4       0x20 Drivers/STM32F3xx_HAL_Driver/Src/stm32f3xx_ll_utils.o
                0x00000000080019b4                LL_SetSystemCoreClock
 .text.disk_status
                0x00000000080019d4       0x34 Middlewares/Third_Party/FatFs/src/diskio.o
                0x00000000080019d4                disk_status
 .text.disk_initialize
                0x0000000008001a08       0x4c Middlewares/Third_Party/FatFs/src/diskio.o
                0x0000000008001a08                disk_initialize
 .text.disk_read
                0x0000000008001a54       0x40 Middlewares/Third_Party/FatFs/src/diskio.o
                0x0000000008001a54                disk_read
 .text.disk_write
                0x0000000008001a94       0x40 Middlewares/Third_Party/FatFs/src/diskio.o
                0x0000000008001a94                disk_write
 .text.disk_ioctl
                0x0000000008001ad4       0x3c Middlewares/Third_Party/FatFs/src/diskio.o
                0x0000000008001ad4                disk_ioctl
 .text.mem_cpy  0x0000000008001b10       0x3c Middlewares/Third_Party/FatFs/src/ff.o
 .text.mem_set  0x0000000008001b4c       0x34 Middlewares/Third_Party/FatFs/src/ff.o
 .text.mem_cmp  0x0000000008001b80       0x4e Middlewares/Third_Party/FatFs/src/ff.o
 .text.chk_chr  0x0000000008001bce       0x36 Middlewares/Third_Party/FatFs/src/ff.o
 .text.chk_lock
                0x0000000008001c04       0xdc Middlewares/Third_Party/FatFs/src/ff.o
 .text.enq_lock
                0x0000000008001ce0       0x48 Middlewares/Third_Party/FatFs/src/ff.o
 .text.inc_lock
                0x0000000008001d28      0x170 Middlewares/Third_Party/FatFs/src/ff.o
 .text.dec_lock
                0x0000000008001e98       0x88 Middlewares/Third_Party/FatFs/src/ff.o
 .text.clear_lock
                0x0000000008001f20       0x54 Middlewares/Third_Party/FatFs/src/ff.o
 .text.sync_window
                0x0000000008001f74       0x92 Middlewares/Third_Party/FatFs/src/ff.o
 .text.move_window
                0x0000000008002006       0x5c Middlewares/Third_Party/FatFs/src/ff.o
 .text.sync_fs  0x0000000008002062      0x15c Middlewares/Third_Party/FatFs/src/ff.o
 .text.clust2sect
                0x00000000080021be       0x44 Middlewares/Third_Party/FatFs/src/ff.o
                0x00000000080021be                clust2sect
 .text.get_fat  0x0000000008002202      0x1d6 Middlewares/Third_Party/FatFs/src/ff.o
                0x0000000008002202                get_fat
 .text.put_fat  0x00000000080023d8      0x27a Middlewares/Third_Party/FatFs/src/ff.o
                0x00000000080023d8                put_fat
 .text.remove_chain
                0x0000000008002652       0xb4 Middlewares/Third_Party/FatFs/src/ff.o
 .text.create_chain
                0x0000000008002706      0x13a Middlewares/Third_Party/FatFs/src/ff.o
 .text.clmt_clust
                0x0000000008002840       0x78 Middlewares/Third_Party/FatFs/src/ff.o
 .text.dir_sdi  0x00000000080028b8      0x162 Middlewares/Third_Party/FatFs/src/ff.o
 .text.dir_next
                0x0000000008002a1a      0x234 Middlewares/Third_Party/FatFs/src/ff.o
 .text.dir_alloc
                0x0000000008002c4e       0x94 Middlewares/Third_Party/FatFs/src/ff.o
 .text.ld_clust
                0x0000000008002ce2       0x5c Middlewares/Third_Party/FatFs/src/ff.o
 .text.st_clust
                0x0000000008002d3e       0x4e Middlewares/Third_Party/FatFs/src/ff.o
 .text.cmp_lfn  0x0000000008002d8c       0xdc Middlewares/Third_Party/FatFs/src/ff.o
 .text.fit_lfn  0x0000000008002e68       0xec Middlewares/Third_Party/FatFs/src/ff.o
 .text.gen_numname
                0x0000000008002f54      0x11e Middlewares/Third_Party/FatFs/src/ff.o
 .text.sum_sfn  0x0000000008003072       0x42 Middlewares/Third_Party/FatFs/src/ff.o
 .text.dir_find
                0x00000000080030b4      0x180 Middlewares/Third_Party/FatFs/src/ff.o
 .text.dir_register
                0x0000000008003234      0x21c Middlewares/Third_Party/FatFs/src/ff.o
 .text.create_name
                0x0000000008003450      0x370 Middlewares/Third_Party/FatFs/src/ff.o
 .text.follow_path
                0x00000000080037c0       0xdc Middlewares/Third_Party/FatFs/src/ff.o
 .text.get_ldnumber
                0x000000000800389c       0x88 Middlewares/Third_Party/FatFs/src/ff.o
 .text.check_fs
                0x0000000008003924       0xd4 Middlewares/Third_Party/FatFs/src/ff.o
 .text.find_volume
                0x00000000080039f8      0x5fc Middlewares/Third_Party/FatFs/src/ff.o
 .text.validate
                0x0000000008003ff4       0x66 Middlewares/Third_Party/FatFs/src/ff.o
 *fill*         0x000000000800405a        0x2 
 .text.f_mount  0x000000000800405c       0x90 Middlewares/Third_Party/FatFs/src/ff.o
                0x000000000800405c                f_mount
 .text.f_open   0x00000000080040ec      0x424 Middlewares/Third_Party/FatFs/src/ff.o
                0x00000000080040ec                f_open
 .text.f_read   0x0000000008004510      0x34a Middlewares/Third_Party/FatFs/src/ff.o
                0x0000000008004510                f_read
 .text.f_write  0x000000000800485a      0x3ce Middlewares/Third_Party/FatFs/src/ff.o
                0x000000000800485a                f_write
 .text.f_sync   0x0000000008004c28      0x174 Middlewares/Third_Party/FatFs/src/ff.o
                0x0000000008004c28                f_sync
 .text.f_close  0x0000000008004d9c       0x50 Middlewares/Third_Party/FatFs/src/ff.o
                0x0000000008004d9c                f_close
 .text.f_lseek  0x0000000008004dec      0x516 Middlewares/Third_Party/FatFs/src/ff.o
                0x0000000008004dec                f_lseek
 *fill*         0x0000000008005302        0x2 
 .text.FATFS_LinkDriverEx
                0x0000000008005304       0x98 Middlewares/Third_Party/FatFs/src/ff_gen_drv.o
                0x0000000008005304                FATFS_LinkDriverEx
 .text.FATFS_LinkDriver
                0x000000000800539c       0x1e Middlewares/Third_Party/FatFs/src/ff_gen_drv.o
                0x000000000800539c                FATFS_LinkDriver
 *fill*         0x00000000080053ba        0x2 
 .text.ff_convert
                0x00000000080053bc       0x78 Middlewares/Third_Party/FatFs/src/option/ccsbcs.o
                0x00000000080053bc                ff_convert
 .text.ff_wtoupper
                0x0000000008005434       0x5c Middlewares/Third_Party/FatFs/src/option/ccsbcs.o
                0x0000000008005434                ff_wtoupper
 .text.MX_FATFS_Init
                0x0000000008005490       0x24 Src/fatfs.o
                0x0000000008005490                MX_FATFS_Init
 .text.get_fattime
                0x00000000080054b4       0x10 Src/fatfs.o
                0x00000000080054b4                get_fattime
 .text.SELECT   0x00000000080054c4       0x18 Src/fatfs_sd.o
 .text.DESELECT
                0x00000000080054dc       0x18 Src/fatfs_sd.o
 .text.SPI_TxByte
                0x00000000080054f4       0x34 Src/fatfs_sd.o
 .text.SPI_RxByte
                0x0000000008005528       0x3c Src/fatfs_sd.o
 .text.SPI_RxBytePtr
                0x0000000008005564       0x1c Src/fatfs_sd.o
 .text.SD_ReadyWait
                0x0000000008005580       0x38 Src/fatfs_sd.o
 .text.SD_PowerOn
                0x00000000080055b8       0x98 Src/fatfs_sd.o
 .text.SD_PowerOff
                0x0000000008005650       0x18 Src/fatfs_sd.o
 .text.SD_CheckPower
                0x0000000008005668       0x18 Src/fatfs_sd.o
 .text.SD_RxDataBlock
                0x0000000008005680       0x6c Src/fatfs_sd.o
 .text.SD_TxDataBlock
                0x00000000080056ec       0xa8 Src/fatfs_sd.o
 .text.SD_SendCmd
                0x0000000008005794       0xa4 Src/fatfs_sd.o
 .text.SD_disk_initialize
                0x0000000008005838      0x1d4 Src/fatfs_sd.o
                0x0000000008005838                SD_disk_initialize
 .text.SD_disk_status
                0x0000000008005a0c       0x2c Src/fatfs_sd.o
                0x0000000008005a0c                SD_disk_status
 .text.SD_disk_read
                0x0000000008005a38       0xd4 Src/fatfs_sd.o
                0x0000000008005a38                SD_disk_read
 .text.SD_disk_write
                0x0000000008005b0c      0x108 Src/fatfs_sd.o
                0x0000000008005b0c                SD_disk_write
 .text.SD_disk_ioctl
                0x0000000008005c14      0x25c Src/fatfs_sd.o
                0x0000000008005c14                SD_disk_ioctl
 .text.LL_AHB1_GRP1_EnableClock
                0x0000000008005e70       0x30 Src/gpio.o
 .text.LL_GPIO_ResetOutputPin
                0x0000000008005ea0       0x1c Src/gpio.o
 .text.MX_GPIO_Init
                0x0000000008005ebc       0x60 Src/gpio.o
                0x0000000008005ebc                MX_GPIO_Init
 .text.LL_RCC_HSI_Enable
                0x0000000008005f1c       0x20 Src/main.o
 .text.LL_RCC_HSI_IsReady
                0x0000000008005f3c       0x24 Src/main.o
 .text.LL_RCC_HSI_SetCalibTrimming
                0x0000000008005f60       0x2c Src/main.o
 .text.LL_RCC_SetSysClkSource
                0x0000000008005f8c       0x28 Src/main.o
 .text.LL_RCC_GetSysClkSource
                0x0000000008005fb4       0x1c Src/main.o
 .text.LL_RCC_SetAHBPrescaler
                0x0000000008005fd0       0x28 Src/main.o
 .text.LL_RCC_SetAPB1Prescaler
                0x0000000008005ff8       0x28 Src/main.o
 .text.LL_RCC_SetAPB2Prescaler
                0x0000000008006020       0x28 Src/main.o
 .text.LL_RCC_SetUSARTClockSource
                0x0000000008006048       0x38 Src/main.o
 .text.LL_RCC_PLL_Enable
                0x0000000008006080       0x20 Src/main.o
 .text.LL_RCC_PLL_IsReady
                0x00000000080060a0       0x28 Src/main.o
 .text.LL_RCC_PLL_ConfigDomain_SYS
                0x00000000080060c8       0x48 Src/main.o
 .text.LL_FLASH_SetLatency
                0x0000000008006110       0x28 Src/main.o
 .text.LL_FLASH_GetLatency
                0x0000000008006138       0x1c Src/main.o
 .text.LL_GPIO_SetOutputPin
                0x0000000008006154       0x1c Src/main.o
 .text.LL_GPIO_ResetOutputPin
                0x0000000008006170       0x1c Src/main.o
 .text.bufsize  0x000000000800618c       0x2e Src/main.o
                0x000000000800618c                bufsize
 .text.bufclear
                0x00000000080061ba       0x30 Src/main.o
                0x00000000080061ba                bufclear
 .text.parsestr
                0x00000000080061ea       0x40 Src/main.o
                0x00000000080061ea                parsestr
 *fill*         0x000000000800622a        0x2 
 .text.UART_SD_Init
                0x000000000800622c      0x124 Src/main.o
                0x000000000800622c                UART_SD_Init
 .text.main     0x0000000008006350      0x218 Src/main.o
                0x0000000008006350                main
 .text.SystemClock_Config
                0x0000000008006568       0x84 Src/main.o
                0x0000000008006568                SystemClock_Config
 .text.process_serial_data1
                0x00000000080065ec       0x8c Src/main.o
                0x00000000080065ec                process_serial_data1
 .text.process_serial_data2
                0x0000000008006678       0x8c Src/main.o
                0x0000000008006678                process_serial_data2
 .text.Error_Handler
                0x0000000008006704        0xe Src/main.o
                0x0000000008006704                Error_Handler
 *fill*         0x0000000008006712        0x2 
 .text.MX_SPI1_Init
                0x0000000008006714       0x7c Src/spi.o
                0x0000000008006714                MX_SPI1_Init
 .text.HAL_SPI_MspInit
                0x0000000008006790       0x84 Src/spi.o
                0x0000000008006790                HAL_SPI_MspInit
 .text.HAL_MspInit
                0x0000000008006814       0x48 Src/stm32f3xx_hal_msp.o
                0x0000000008006814                HAL_MspInit
 .text.LL_USART_IsActiveFlag_RXNE
                0x000000000800685c       0x26 Src/stm32f3xx_it.o
 .text.LL_USART_ReceiveData8
                0x0000000008006882       0x1c Src/stm32f3xx_it.o
 *fill*         0x000000000800689e        0x2 
 .text.SDTimer_Handler
                0x00000000080068a0       0x40 Src/stm32f3xx_it.o
                0x00000000080068a0                SDTimer_Handler
 .text.NMI_Handler
                0x00000000080068e0        0xe Src/stm32f3xx_it.o
                0x00000000080068e0                NMI_Handler
 .text.HardFault_Handler
                0x00000000080068ee        0x6 Src/stm32f3xx_it.o
                0x00000000080068ee                HardFault_Handler
 .text.MemManage_Handler
                0x00000000080068f4        0x6 Src/stm32f3xx_it.o
                0x00000000080068f4                MemManage_Handler
 .text.BusFault_Handler
                0x00000000080068fa        0x6 Src/stm32f3xx_it.o
                0x00000000080068fa                BusFault_Handler
 .text.UsageFault_Handler
                0x0000000008006900        0x6 Src/stm32f3xx_it.o
                0x0000000008006900                UsageFault_Handler
 .text.SVC_Handler
                0x0000000008006906        0xe Src/stm32f3xx_it.o
                0x0000000008006906                SVC_Handler
 .text.DebugMon_Handler
                0x0000000008006914        0xe Src/stm32f3xx_it.o
                0x0000000008006914                DebugMon_Handler
 .text.PendSV_Handler
                0x0000000008006922        0xe Src/stm32f3xx_it.o
                0x0000000008006922                PendSV_Handler
 .text.SysTick_Handler
                0x0000000008006930       0x34 Src/stm32f3xx_it.o
                0x0000000008006930                SysTick_Handler
 .text.USART1_IRQHandler
                0x0000000008006964       0x28 Src/stm32f3xx_it.o
                0x0000000008006964                USART1_IRQHandler
 .text.USART2_IRQHandler
                0x000000000800698c       0x28 Src/stm32f3xx_it.o
                0x000000000800698c                USART2_IRQHandler
 .text.SystemInit
                0x00000000080069b4       0x94 Src/system_stm32f3xx.o
                0x00000000080069b4                SystemInit
 .text.NVIC_GetPriorityGrouping
                0x0000000008006a48       0x1c Src/usart.o
 .text.NVIC_EnableIRQ
                0x0000000008006a64       0x34 Src/usart.o
 .text.NVIC_SetPriority
                0x0000000008006a98       0x54 Src/usart.o
 .text.NVIC_EncodePriority
                0x0000000008006aec       0x66 Src/usart.o
 *fill*         0x0000000008006b52        0x2 
 .text.LL_AHB1_GRP1_EnableClock
                0x0000000008006b54       0x30 Src/usart.o
 .text.LL_APB1_GRP1_EnableClock
                0x0000000008006b84       0x30 Src/usart.o
 .text.LL_APB2_GRP1_EnableClock
                0x0000000008006bb4       0x30 Src/usart.o
 .text.LL_USART_Enable
                0x0000000008006be4       0x20 Src/usart.o
 .text.LL_USART_ConfigAsyncMode
                0x0000000008006c04       0x2c Src/usart.o
 .text.LL_USART_EnableIT_RXNE
                0x0000000008006c30       0x20 Src/usart.o
 .text.LL_USART_DisableIT_CTS
                0x0000000008006c50       0x20 Src/usart.o
 .text.USART1_RegisterCallback
                0x0000000008006c70       0x20 Src/usart.o
                0x0000000008006c70                USART1_RegisterCallback
 .text.USART2_RegisterCallback
                0x0000000008006c90       0x20 Src/usart.o
                0x0000000008006c90                USART2_RegisterCallback
 .text.MX_USART1_UART_Init
                0x0000000008006cb0       0xd8 Src/usart.o
                0x0000000008006cb0                MX_USART1_UART_Init
 .text.MX_USART2_UART_Init
                0x0000000008006d88       0xd4 Src/usart.o
                0x0000000008006d88                MX_USART2_UART_Init
 .text.rx_usart1
                0x0000000008006e5c       0x28 Src/usart.o
                0x0000000008006e5c                rx_usart1
 .text.rx_usart2
                0x0000000008006e84       0x28 Src/usart.o
                0x0000000008006e84                rx_usart2
 .text.USER_initialize
                0x0000000008006eac       0x1e Src/user_diskio.o
                0x0000000008006eac                USER_initialize
 .text.USER_status
                0x0000000008006eca       0x1e Src/user_diskio.o
                0x0000000008006eca                USER_status
 .text.USER_read
                0x0000000008006ee8       0x28 Src/user_diskio.o
                0x0000000008006ee8                USER_read
 .text.USER_write
                0x0000000008006f10       0x28 Src/user_diskio.o
                0x0000000008006f10                USER_write
 .text.USER_ioctl
                0x0000000008006f38       0x28 Src/user_diskio.o
                0x0000000008006f38                USER_ioctl
 .text.Reset_Handler
                0x0000000008006f60       0x50 Startup/startup_stm32f303k8tx.o
                0x0000000008006f60                Reset_Handler
 .text.Default_Handler
                0x0000000008006fb0        0x2 Startup/startup_stm32f303k8tx.o
                0x0000000008006fb0                RTC_Alarm_IRQHandler
                0x0000000008006fb0                TIM1_CC_IRQHandler
                0x0000000008006fb0                PVD_IRQHandler
                0x0000000008006fb0                TAMP_STAMP_IRQHandler
                0x0000000008006fb0                EXTI3_IRQHandler
                0x0000000008006fb0                EXTI0_IRQHandler
                0x0000000008006fb0                FPU_IRQHandler
                0x0000000008006fb0                CAN_TX_IRQHandler
                0x0000000008006fb0                TIM1_UP_TIM16_IRQHandler
                0x0000000008006fb0                ADC1_2_IRQHandler
                0x0000000008006fb0                SPI1_IRQHandler
                0x0000000008006fb0                CAN_SCE_IRQHandler
                0x0000000008006fb0                DMA1_Channel4_IRQHandler
                0x0000000008006fb0                USART3_IRQHandler
                0x0000000008006fb0                DMA1_Channel7_IRQHandler
                0x0000000008006fb0                TIM7_DAC2_IRQHandler
                0x0000000008006fb0                CAN_RX1_IRQHandler
                0x0000000008006fb0                I2C1_EV_IRQHandler
                0x0000000008006fb0                DMA1_Channel6_IRQHandler
                0x0000000008006fb0                TIM3_IRQHandler
                0x0000000008006fb0                RCC_IRQHandler
                0x0000000008006fb0                DMA1_Channel1_IRQHandler
                0x0000000008006fb0                Default_Handler
                0x0000000008006fb0                EXTI15_10_IRQHandler
                0x0000000008006fb0                COMP2_IRQHandler
                0x0000000008006fb0                TIM6_DAC1_IRQHandler
                0x0000000008006fb0                EXTI9_5_IRQHandler
                0x0000000008006fb0                RTC_WKUP_IRQHandler
                0x0000000008006fb0                DMA1_Channel5_IRQHandler
                0x0000000008006fb0                EXTI4_IRQHandler
                0x0000000008006fb0                TIM1_TRG_COM_TIM17_IRQHandler
                0x0000000008006fb0                DMA1_Channel3_IRQHandler
                0x0000000008006fb0                WWDG_IRQHandler
                0x0000000008006fb0                TIM2_IRQHandler
                0x0000000008006fb0                EXTI1_IRQHandler
                0x0000000008006fb0                COMP4_6_IRQHandler
                0x0000000008006fb0                DMA1_Channel2_IRQHandler
                0x0000000008006fb0                FLASH_IRQHandler
                0x0000000008006fb0                CAN_RX0_IRQHandler
                0x0000000008006fb0                I2C1_ER_IRQHandler
                0x0000000008006fb0                EXTI2_TSC_IRQHandler
                0x0000000008006fb0                TIM1_BRK_TIM15_IRQHandler
 .text.atoi     0x0000000008006fb2        0x8 c:/st/stm32cubeide_1.0.2/stm32cubeide/plugins/com.st.stm32cube.ide.mcu.externaltools.gnu-tools-for-stm32.7-2018-q2-update.win32_1.0.0.201904181610/tools/bin/../lib/gcc/arm-none-eabi/7.3.1/../../../../arm-none-eabi/lib/thumb/v7e-m/fpv4-sp/hard\libc_nano.a(lib_a-atoi.o)
                0x0000000008006fb2                atoi
 *fill*         0x0000000008006fba        0x2 
 .text.__libc_init_array
                0x0000000008006fbc       0x48 c:/st/stm32cubeide_1.0.2/stm32cubeide/plugins/com.st.stm32cube.ide.mcu.externaltools.gnu-tools-for-stm32.7-2018-q2-update.win32_1.0.0.201904181610/tools/bin/../lib/gcc/arm-none-eabi/7.3.1/../../../../arm-none-eabi/lib/thumb/v7e-m/fpv4-sp/hard\libc_nano.a(lib_a-init.o)
                0x0000000008006fbc                __libc_init_array
 .text.strchr   0x0000000008007004       0x1a c:/st/stm32cubeide_1.0.2/stm32cubeide/plugins/com.st.stm32cube.ide.mcu.externaltools.gnu-tools-for-stm32.7-2018-q2-update.win32_1.0.0.201904181610/tools/bin/../lib/gcc/arm-none-eabi/7.3.1/../../../../arm-none-eabi/lib/thumb/v7e-m/fpv4-sp/hard\libc_nano.a(lib_a-strchr.o)
                0x0000000008007004                strchr
 .text.strstr   0x000000000800701e       0x34 c:/st/stm32cubeide_1.0.2/stm32cubeide/plugins/com.st.stm32cube.ide.mcu.externaltools.gnu-tools-for-stm32.7-2018-q2-update.win32_1.0.0.201904181610/tools/bin/../lib/gcc/arm-none-eabi/7.3.1/../../../../arm-none-eabi/lib/thumb/v7e-m/fpv4-sp/hard\libc_nano.a(lib_a-strstr.o)
                0x000000000800701e                strstr
 .text._strtol_l.isra.0
                0x0000000008007052       0xf6 c:/st/stm32cubeide_1.0.2/stm32cubeide/plugins/com.st.stm32cube.ide.mcu.externaltools.gnu-tools-for-stm32.7-2018-q2-update.win32_1.0.0.201904181610/tools/bin/../lib/gcc/arm-none-eabi/7.3.1/../../../../arm-none-eabi/lib/thumb/v7e-m/fpv4-sp/hard\libc_nano.a(lib_a-strtol.o)
 .text.strtol   0x0000000008007148       0x2c c:/st/stm32cubeide_1.0.2/stm32cubeide/plugins/com.st.stm32cube.ide.mcu.externaltools.gnu-tools-for-stm32.7-2018-q2-update.win32_1.0.0.201904181610/tools/bin/../lib/gcc/arm-none-eabi/7.3.1/../../../../arm-none-eabi/lib/thumb/v7e-m/fpv4-sp/hard\libc_nano.a(lib_a-strtol.o)
                0x0000000008007148                strtol
 .text.__locale_ctype_ptr_l
                0x0000000008007174        0x6 c:/st/stm32cubeide_1.0.2/stm32cubeide/plugins/com.st.stm32cube.ide.mcu.externaltools.gnu-tools-for-stm32.7-2018-q2-update.win32_1.0.0.201904181610/tools/bin/../lib/gcc/arm-none-eabi/7.3.1/../../../../arm-none-eabi/lib/thumb/v7e-m/fpv4-sp/hard\libc_nano.a(lib_a-locale.o)
                0x0000000008007174                __locale_ctype_ptr_l
 .text.__ascii_mbtowc
                0x000000000800717a       0x24 c:/st/stm32cubeide_1.0.2/stm32cubeide/plugins/com.st.stm32cube.ide.mcu.externaltools.gnu-tools-for-stm32.7-2018-q2-update.win32_1.0.0.201904181610/tools/bin/../lib/gcc/arm-none-eabi/7.3.1/../../../../arm-none-eabi/lib/thumb/v7e-m/fpv4-sp/hard\libc_nano.a(lib_a-mbtowc_r.o)
                0x000000000800717a                __ascii_mbtowc
 .text.__ascii_wctomb
                0x000000000800719e       0x1a c:/st/stm32cubeide_1.0.2/stm32cubeide/plugins/com.st.stm32cube.ide.mcu.externaltools.gnu-tools-for-stm32.7-2018-q2-update.win32_1.0.0.201904181610/tools/bin/../lib/gcc/arm-none-eabi/7.3.1/../../../../arm-none-eabi/lib/thumb/v7e-m/fpv4-sp/hard\libc_nano.a(lib_a-wctomb_r.o)
                0x000000000800719e                __ascii_wctomb
 *(.glue_7)
 .glue_7        0x00000000080071b8        0x0 linker stubs
 *(.glue_7t)
 .glue_7t       0x00000000080071b8        0x0 linker stubs
 *(.eh_frame)
 .eh_frame      0x00000000080071b8        0x0 c:/st/stm32cubeide_1.0.2/stm32cubeide/plugins/com.st.stm32cube.ide.mcu.externaltools.gnu-tools-for-stm32.7-2018-q2-update.win32_1.0.0.201904181610/tools/bin/../lib/gcc/arm-none-eabi/7.3.1/thumb/v7e-m/fpv4-sp/hard/crtbegin.o
 *(.init)
 .init          0x00000000080071b8        0x4 c:/st/stm32cubeide_1.0.2/stm32cubeide/plugins/com.st.stm32cube.ide.mcu.externaltools.gnu-tools-for-stm32.7-2018-q2-update.win32_1.0.0.201904181610/tools/bin/../lib/gcc/arm-none-eabi/7.3.1/thumb/v7e-m/fpv4-sp/hard/crti.o
                0x00000000080071b8                _init
 .init          0x00000000080071bc        0x8 c:/st/stm32cubeide_1.0.2/stm32cubeide/plugins/com.st.stm32cube.ide.mcu.externaltools.gnu-tools-for-stm32.7-2018-q2-update.win32_1.0.0.201904181610/tools/bin/../lib/gcc/arm-none-eabi/7.3.1/thumb/v7e-m/fpv4-sp/hard/crtn.o
 *(.fini)
 .fini          0x00000000080071c4        0x4 c:/st/stm32cubeide_1.0.2/stm32cubeide/plugins/com.st.stm32cube.ide.mcu.externaltools.gnu-tools-for-stm32.7-2018-q2-update.win32_1.0.0.201904181610/tools/bin/../lib/gcc/arm-none-eabi/7.3.1/thumb/v7e-m/fpv4-sp/hard/crti.o
                0x00000000080071c4                _fini
 .fini          0x00000000080071c8        0x8 c:/st/stm32cubeide_1.0.2/stm32cubeide/plugins/com.st.stm32cube.ide.mcu.externaltools.gnu-tools-for-stm32.7-2018-q2-update.win32_1.0.0.201904181610/tools/bin/../lib/gcc/arm-none-eabi/7.3.1/thumb/v7e-m/fpv4-sp/hard/crtn.o
                0x00000000080071d0                . = ALIGN (0x4)
                0x00000000080071d0                _etext = .

.vfp11_veneer   0x00000000080071d0        0x0
 .vfp11_veneer  0x00000000080071d0        0x0 linker stubs

.v4_bx          0x00000000080071d0        0x0
 .v4_bx         0x00000000080071d0        0x0 linker stubs

.iplt           0x00000000080071d0        0x0
 .iplt          0x00000000080071d0        0x0 c:/st/stm32cubeide_1.0.2/stm32cubeide/plugins/com.st.stm32cube.ide.mcu.externaltools.gnu-tools-for-stm32.7-2018-q2-update.win32_1.0.0.201904181610/tools/bin/../lib/gcc/arm-none-eabi/7.3.1/thumb/v7e-m/fpv4-sp/hard/crtbegin.o

.rodata         0x00000000080071d0      0x730
                0x00000000080071d0                . = ALIGN (0x4)
 *(.rodata)
 .rodata        0x00000000080071d0       0x48 Middlewares/Third_Party/FatFs/src/ff.o
 .rodata        0x0000000008007218       0x71 Src/main.o
 *(.rodata*)
 *fill*         0x0000000008007289        0x3 
 .rodata.ExCvt  0x000000000800728c       0x80 Middlewares/Third_Party/FatFs/src/ff.o
 .rodata.LfnOfs
                0x000000000800730c        0xd Middlewares/Third_Party/FatFs/src/ff.o
 *fill*         0x0000000008007319        0x3 
 .rodata.Tbl    0x000000000800731c      0x100 Middlewares/Third_Party/FatFs/src/option/ccsbcs.o
 .rodata.tbl_lower.10554
                0x000000000800741c      0x1e0 Middlewares/Third_Party/FatFs/src/option/ccsbcs.o
 .rodata.tbl_upper.10555
                0x00000000080075fc      0x1e0 Middlewares/Third_Party/FatFs/src/option/ccsbcs.o
 .rodata.AHBPrescTable
                0x00000000080077dc       0x10 Src/system_stm32f3xx.o
                0x00000000080077dc                AHBPrescTable
 .rodata.APBPrescTable
                0x00000000080077ec        0x8 Src/system_stm32f3xx.o
                0x00000000080077ec                APBPrescTable
 .rodata._setlocale_r.str1.1
                0x00000000080077f4        0x8 c:/st/stm32cubeide_1.0.2/stm32cubeide/plugins/com.st.stm32cube.ide.mcu.externaltools.gnu-tools-for-stm32.7-2018-q2-update.win32_1.0.0.201904181610/tools/bin/../lib/gcc/arm-none-eabi/7.3.1/../../../../arm-none-eabi/lib/thumb/v7e-m/fpv4-sp/hard\libc_nano.a(lib_a-locale.o)
                                          0x9 (size before relaxing)
 .rodata.str1.1
                0x00000000080077fc        0x2 c:/st/stm32cubeide_1.0.2/stm32cubeide/plugins/com.st.stm32cube.ide.mcu.externaltools.gnu-tools-for-stm32.7-2018-q2-update.win32_1.0.0.201904181610/tools/bin/../lib/gcc/arm-none-eabi/7.3.1/../../../../arm-none-eabi/lib/thumb/v7e-m/fpv4-sp/hard\libc_nano.a(lib_a-locale.o)
 .rodata._ctype_
                0x00000000080077fe      0x101 c:/st/stm32cubeide_1.0.2/stm32cubeide/plugins/com.st.stm32cube.ide.mcu.externaltools.gnu-tools-for-stm32.7-2018-q2-update.win32_1.0.0.201904181610/tools/bin/../lib/gcc/arm-none-eabi/7.3.1/../../../../arm-none-eabi/lib/thumb/v7e-m/fpv4-sp/hard\libc_nano.a(lib_a-ctype_.o)
                0x00000000080077fe                _ctype_
                0x0000000008007900                . = ALIGN (0x4)
 *fill*         0x00000000080078ff        0x1 

.rel.dyn        0x0000000008007900        0x0
 .rel.iplt      0x0000000008007900        0x0 c:/st/stm32cubeide_1.0.2/stm32cubeide/plugins/com.st.stm32cube.ide.mcu.externaltools.gnu-tools-for-stm32.7-2018-q2-update.win32_1.0.0.201904181610/tools/bin/../lib/gcc/arm-none-eabi/7.3.1/thumb/v7e-m/fpv4-sp/hard/crtbegin.o

.ARM.extab      0x0000000008007900        0x0
                0x0000000008007900                . = ALIGN (0x4)
 *(.ARM.extab* .gnu.linkonce.armextab.*)
                0x0000000008007900                . = ALIGN (0x4)

.ARM            0x0000000008007900        0x0
                0x0000000008007900                . = ALIGN (0x4)
                0x0000000008007900                __exidx_start = .
 *(.ARM.exidx*)
                0x0000000008007900                __exidx_end = .
                0x0000000008007900                . = ALIGN (0x4)

.preinit_array  0x0000000008007900        0x0
                0x0000000008007900                . = ALIGN (0x4)
                0x0000000008007900                PROVIDE (__preinit_array_start = .)
 *(.preinit_array*)
                0x0000000008007900                PROVIDE (__preinit_array_end = .)
                0x0000000008007900                . = ALIGN (0x4)

.init_array     0x0000000008007900        0x4
                0x0000000008007900                . = ALIGN (0x4)
                0x0000000008007900                PROVIDE (__init_array_start = .)
 *(SORT_BY_NAME(.init_array.*))
 *(.init_array*)
 .init_array    0x0000000008007900        0x4 c:/st/stm32cubeide_1.0.2/stm32cubeide/plugins/com.st.stm32cube.ide.mcu.externaltools.gnu-tools-for-stm32.7-2018-q2-update.win32_1.0.0.201904181610/tools/bin/../lib/gcc/arm-none-eabi/7.3.1/thumb/v7e-m/fpv4-sp/hard/crtbegin.o
                0x0000000008007904                PROVIDE (__init_array_end = .)
                0x0000000008007904                . = ALIGN (0x4)

.fini_array     0x0000000008007904        0x4
                0x0000000008007904                . = ALIGN (0x4)
                [!provide]                        PROVIDE (__fini_array_start = .)
 *(SORT_BY_NAME(.fini_array.*))
 *(.fini_array*)
 .fini_array    0x0000000008007904        0x4 c:/st/stm32cubeide_1.0.2/stm32cubeide/plugins/com.st.stm32cube.ide.mcu.externaltools.gnu-tools-for-stm32.7-2018-q2-update.win32_1.0.0.201904181610/tools/bin/../lib/gcc/arm-none-eabi/7.3.1/thumb/v7e-m/fpv4-sp/hard/crtbegin.o
                [!provide]                        PROVIDE (__fini_array_end = .)
                0x0000000008007908                . = ALIGN (0x4)
                0x0000000008007908                _sidata = LOADADDR (.data)

.data           0x0000000020000000      0x1f0 load address 0x0000000008007908
                0x0000000020000000                . = ALIGN (0x4)
                0x0000000020000000                _sdata = .
 *(.data)
 *(.data*)
 .data.uwTickPrio
                0x0000000020000000        0x4 Drivers/STM32F3xx_HAL_Driver/Src/stm32f3xx_hal.o
                0x0000000020000000                uwTickPrio
 .data.uwTickFreq
                0x0000000020000004        0x1 Drivers/STM32F3xx_HAL_Driver/Src/stm32f3xx_hal.o
                0x0000000020000004                uwTickFreq
 .data.Stat     0x0000000020000005        0x1 Src/fatfs_sd.o
 *fill*         0x0000000020000006        0x2 
 .data.SystemCoreClock
                0x0000000020000008        0x4 Src/system_stm32f3xx.o
                0x0000000020000008                SystemCoreClock
 .data.USER_Driver
                0x000000002000000c       0x14 Src/user_diskio.o
                0x000000002000000c                USER_Driver
 .data._impure_ptr
                0x0000000020000020        0x4 c:/st/stm32cubeide_1.0.2/stm32cubeide/plugins/com.st.stm32cube.ide.mcu.externaltools.gnu-tools-for-stm32.7-2018-q2-update.win32_1.0.0.201904181610/tools/bin/../lib/gcc/arm-none-eabi/7.3.1/../../../../arm-none-eabi/lib/thumb/v7e-m/fpv4-sp/hard\libc_nano.a(lib_a-impure.o)
                0x0000000020000020                _impure_ptr
 .data.impure_data
                0x0000000020000024       0x60 c:/st/stm32cubeide_1.0.2/stm32cubeide/plugins/com.st.stm32cube.ide.mcu.externaltools.gnu-tools-for-stm32.7-2018-q2-update.win32_1.0.0.201904181610/tools/bin/../lib/gcc/arm-none-eabi/7.3.1/../../../../arm-none-eabi/lib/thumb/v7e-m/fpv4-sp/hard\libc_nano.a(lib_a-impure.o)
 .data.__global_locale
                0x0000000020000084      0x16c c:/st/stm32cubeide_1.0.2/stm32cubeide/plugins/com.st.stm32cube.ide.mcu.externaltools.gnu-tools-for-stm32.7-2018-q2-update.win32_1.0.0.201904181610/tools/bin/../lib/gcc/arm-none-eabi/7.3.1/../../../../arm-none-eabi/lib/thumb/v7e-m/fpv4-sp/hard\libc_nano.a(lib_a-locale.o)
                0x0000000020000084                __global_locale
                0x00000000200001f0                . = ALIGN (0x4)
                0x00000000200001f0                _edata = .

.igot.plt       0x00000000200001f0        0x0 load address 0x0000000008007af8
 .igot.plt      0x00000000200001f0        0x0 c:/st/stm32cubeide_1.0.2/stm32cubeide/plugins/com.st.stm32cube.ide.mcu.externaltools.gnu-tools-for-stm32.7-2018-q2-update.win32_1.0.0.201904181610/tools/bin/../lib/gcc/arm-none-eabi/7.3.1/thumb/v7e-m/fpv4-sp/hard/crtbegin.o
                0x00000000200001f0                . = ALIGN (0x4)

.bss            0x00000000200001f0     0x157c load address 0x0000000008007af8
                0x00000000200001f0                _sbss = .
                0x00000000200001f0                __bss_start__ = _sbss
 *(.bss)
 .bss           0x00000000200001f0       0x1c c:/st/stm32cubeide_1.0.2/stm32cubeide/plugins/com.st.stm32cube.ide.mcu.externaltools.gnu-tools-for-stm32.7-2018-q2-update.win32_1.0.0.201904181610/tools/bin/../lib/gcc/arm-none-eabi/7.3.1/thumb/v7e-m/fpv4-sp/hard/crtbegin.o
 *(.bss*)
 .bss.FatFs     0x000000002000020c        0x4 Middlewares/Third_Party/FatFs/src/ff.o
 .bss.Fsid      0x0000000020000210        0x2 Middlewares/Third_Party/FatFs/src/ff.o
 *fill*         0x0000000020000212        0x2 
 .bss.Files     0x0000000020000214       0x18 Middlewares/Third_Party/FatFs/src/ff.o
 .bss.LfnBuf    0x000000002000022c      0x200 Middlewares/Third_Party/FatFs/src/ff.o
 .bss.disk      0x000000002000042c        0xc Middlewares/Third_Party/FatFs/src/ff_gen_drv.o
                0x000000002000042c                disk
 .bss.CardType  0x0000000020000438        0x1 Src/fatfs_sd.o
 .bss.PowerFlag
                0x0000000020000439        0x1 Src/fatfs_sd.o
 .bss.buffer1_ready
                0x000000002000043a        0x1 Src/main.o
                0x000000002000043a                buffer1_ready
 .bss.buffer2_ready
                0x000000002000043b        0x1 Src/main.o
                0x000000002000043b                buffer2_ready
 .bss.count1    0x000000002000043c        0x1 Src/main.o
                0x000000002000043c                count1
 .bss.count2    0x000000002000043d        0x1 Src/main.o
                0x000000002000043d                count2
 .bss.FatFsCnt  0x000000002000043e        0x1 Src/stm32f3xx_it.o
                0x000000002000043e                FatFsCnt
 *fill*         0x000000002000043f        0x1 
 .bss.usart1_callback
                0x0000000020000440        0x4 Src/usart.o
 .bss.usart2_callback
                0x0000000020000444        0x4 Src/usart.o
 *(COMMON)
 COMMON         0x0000000020000448        0x4 Drivers/STM32F3xx_HAL_Driver/Src/stm32f3xx_hal.o
                0x0000000020000448                uwTick
 COMMON         0x000000002000044c      0x864 Src/fatfs.o
                0x000000002000044c                USERPath
                0x0000000020000450                retUSER
                0x0000000020000454                USERFile
                0x0000000020000880                USERFatFS
 COMMON         0x0000000020000cb0      0xa50 Src/main.o
                0x0000000020000cb0                fre_clust
                0x0000000020000cb4                params
                0x0000000020000cc0                fs
                0x00000000200010f0                br
                0x00000000200010f4                uartset
                0x0000000020001100                buffer2
                0x0000000020001180                free_space
                0x0000000020001184                buff_sign
                0x00000000200011c4                initbuf
                0x0000000020001244                bw
                0x0000000020001248                pfs
                0x000000002000124c                fresult
                0x0000000020001250                total
                0x0000000020001254                buffer1
                0x00000000200012d4                fil
 COMMON         0x0000000020001700       0x64 Src/spi.o
                0x0000000020001700                hspi1
 COMMON         0x0000000020001764        0x5 Src/stm32f3xx_it.o
                0x0000000020001764                Timer2
                0x0000000020001768                Timer1
                0x000000002000176c                . = ALIGN (0x4)
 *fill*         0x0000000020001769        0x3 
                0x000000002000176c                _ebss = .
                0x000000002000176c                __bss_end__ = _ebss

._user_heap_stack
                0x000000002000176c      0x604 load address 0x0000000008007af8
                0x0000000020001770                . = ALIGN (0x8)
 *fill*         0x000000002000176c        0x4 
                0x0000000020001770                PROVIDE (end = .)
                [!provide]                        PROVIDE (_end = .)
                0x0000000020001970                . = (. + _Min_Heap_Size)
 *fill*         0x0000000020001770      0x200 
                0x0000000020001d70                . = (. + _Min_Stack_Size)
 *fill*         0x0000000020001970      0x400 
                0x0000000020001d70                . = ALIGN (0x8)

/DISCARD/
 libc.a(*)
 libm.a(*)
 libgcc.a(*)

.ARM.attributes
                0x0000000000000000       0x30
 *(.ARM.attributes)
 .ARM.attributes
                0x0000000000000000       0x22 c:/st/stm32cubeide_1.0.2/stm32cubeide/plugins/com.st.stm32cube.ide.mcu.externaltools.gnu-tools-for-stm32.7-2018-q2-update.win32_1.0.0.201904181610/tools/bin/../lib/gcc/arm-none-eabi/7.3.1/thumb/v7e-m/fpv4-sp/hard/crti.o
 .ARM.attributes
                0x0000000000000022       0x34 c:/st/stm32cubeide_1.0.2/stm32cubeide/plugins/com.st.stm32cube.ide.mcu.externaltools.gnu-tools-for-stm32.7-2018-q2-update.win32_1.0.0.201904181610/tools/bin/../lib/gcc/arm-none-eabi/7.3.1/thumb/v7e-m/fpv4-sp/hard/crtbegin.o
 .ARM.attributes
                0x0000000000000056       0x39 Drivers/STM32F3xx_HAL_Driver/Src/stm32f3xx_hal.o
 .ARM.attributes
                0x000000000000008f       0x39 Drivers/STM32F3xx_HAL_Driver/Src/stm32f3xx_hal_cortex.o
 .ARM.attributes
                0x00000000000000c8       0x39 Drivers/STM32F3xx_HAL_Driver/Src/stm32f3xx_hal_gpio.o
 .ARM.attributes
                0x0000000000000101       0x39 Drivers/STM32F3xx_HAL_Driver/Src/stm32f3xx_hal_spi.o
 .ARM.attributes
                0x000000000000013a       0x39 Drivers/STM32F3xx_HAL_Driver/Src/stm32f3xx_ll_gpio.o
 .ARM.attributes
                0x0000000000000173       0x39 Drivers/STM32F3xx_HAL_Driver/Src/stm32f3xx_ll_rcc.o
 .ARM.attributes
                0x00000000000001ac       0x39 Drivers/STM32F3xx_HAL_Driver/Src/stm32f3xx_ll_usart.o
 .ARM.attributes
                0x00000000000001e5       0x39 Drivers/STM32F3xx_HAL_Driver/Src/stm32f3xx_ll_utils.o
 .ARM.attributes
                0x000000000000021e       0x39 Middlewares/Third_Party/FatFs/src/diskio.o
 .ARM.attributes
                0x0000000000000257       0x39 Middlewares/Third_Party/FatFs/src/ff.o
 .ARM.attributes
                0x0000000000000290       0x39 Middlewares/Third_Party/FatFs/src/ff_gen_drv.o
 .ARM.attributes
                0x00000000000002c9       0x39 Middlewares/Third_Party/FatFs/src/option/ccsbcs.o
 .ARM.attributes
                0x0000000000000302       0x39 Src/fatfs.o
 .ARM.attributes
                0x000000000000033b       0x39 Src/fatfs_sd.o
 .ARM.attributes
                0x0000000000000374       0x39 Src/gpio.o
 .ARM.attributes
                0x00000000000003ad       0x39 Src/main.o
 .ARM.attributes
                0x00000000000003e6       0x39 Src/spi.o
 .ARM.attributes
                0x000000000000041f       0x39 Src/stm32f3xx_hal_msp.o
 .ARM.attributes
                0x0000000000000458       0x39 Src/stm32f3xx_it.o
 .ARM.attributes
                0x0000000000000491       0x39 Src/system_stm32f3xx.o
 .ARM.attributes
                0x00000000000004ca       0x39 Src/usart.o
 .ARM.attributes
                0x0000000000000503       0x39 Src/user_diskio.o
 .ARM.attributes
                0x000000000000053c       0x21 Startup/startup_stm32f303k8tx.o
 .ARM.attributes
                0x000000000000055d       0x34 c:/st/stm32cubeide_1.0.2/stm32cubeide/plugins/com.st.stm32cube.ide.mcu.externaltools.gnu-tools-for-stm32.7-2018-q2-update.win32_1.0.0.201904181610/tools/bin/../lib/gcc/arm-none-eabi/7.3.1/../../../../arm-none-eabi/lib/thumb/v7e-m/fpv4-sp/hard\libc_nano.a(lib_a-atoi.o)
 .ARM.attributes
                0x0000000000000591       0x34 c:/st/stm32cubeide_1.0.2/stm32cubeide/plugins/com.st.stm32cube.ide.mcu.externaltools.gnu-tools-for-stm32.7-2018-q2-update.win32_1.0.0.201904181610/tools/bin/../lib/gcc/arm-none-eabi/7.3.1/../../../../arm-none-eabi/lib/thumb/v7e-m/fpv4-sp/hard\libc_nano.a(lib_a-impure.o)
 .ARM.attributes
                0x00000000000005c5       0x34 c:/st/stm32cubeide_1.0.2/stm32cubeide/plugins/com.st.stm32cube.ide.mcu.externaltools.gnu-tools-for-stm32.7-2018-q2-update.win32_1.0.0.201904181610/tools/bin/../lib/gcc/arm-none-eabi/7.3.1/../../../../arm-none-eabi/lib/thumb/v7e-m/fpv4-sp/hard\libc_nano.a(lib_a-init.o)
 .ARM.attributes
                0x00000000000005f9       0x34 c:/st/stm32cubeide_1.0.2/stm32cubeide/plugins/com.st.stm32cube.ide.mcu.externaltools.gnu-tools-for-stm32.7-2018-q2-update.win32_1.0.0.201904181610/tools/bin/../lib/gcc/arm-none-eabi/7.3.1/../../../../arm-none-eabi/lib/thumb/v7e-m/fpv4-sp/hard\libc_nano.a(lib_a-strchr.o)
 .ARM.attributes
                0x000000000000062d       0x34 c:/st/stm32cubeide_1.0.2/stm32cubeide/plugins/com.st.stm32cube.ide.mcu.externaltools.gnu-tools-for-stm32.7-2018-q2-update.win32_1.0.0.201904181610/tools/bin/../lib/gcc/arm-none-eabi/7.3.1/../../../../arm-none-eabi/lib/thumb/v7e-m/fpv4-sp/hard\libc_nano.a(lib_a-strstr.o)
 .ARM.attributes
                0x0000000000000661       0x34 c:/st/stm32cubeide_1.0.2/stm32cubeide/plugins/com.st.stm32cube.ide.mcu.externaltools.gnu-tools-for-stm32.7-2018-q2-update.win32_1.0.0.201904181610/tools/bin/../lib/gcc/arm-none-eabi/7.3.1/../../../../arm-none-eabi/lib/thumb/v7e-m/fpv4-sp/hard\libc_nano.a(lib_a-strtol.o)
 .ARM.attributes
                0x0000000000000695       0x34 c:/st/stm32cubeide_1.0.2/stm32cubeide/plugins/com.st.stm32cube.ide.mcu.externaltools.gnu-tools-for-stm32.7-2018-q2-update.win32_1.0.0.201904181610/tools/bin/../lib/gcc/arm-none-eabi/7.3.1/../../../../arm-none-eabi/lib/thumb/v7e-m/fpv4-sp/hard\libc_nano.a(lib_a-locale.o)
 .ARM.attributes
                0x00000000000006c9       0x34 c:/st/stm32cubeide_1.0.2/stm32cubeide/plugins/com.st.stm32cube.ide.mcu.externaltools.gnu-tools-for-stm32.7-2018-q2-update.win32_1.0.0.201904181610/tools/bin/../lib/gcc/arm-none-eabi/7.3.1/../../../../arm-none-eabi/lib/thumb/v7e-m/fpv4-sp/hard\libc_nano.a(lib_a-mbtowc_r.o)
 .ARM.attributes
                0x00000000000006fd       0x34 c:/st/stm32cubeide_1.0.2/stm32cubeide/plugins/com.st.stm32cube.ide.mcu.externaltools.gnu-tools-for-stm32.7-2018-q2-update.win32_1.0.0.201904181610/tools/bin/../lib/gcc/arm-none-eabi/7.3.1/../../../../arm-none-eabi/lib/thumb/v7e-m/fpv4-sp/hard\libc_nano.a(lib_a-wctomb_r.o)
 .ARM.attributes
                0x0000000000000731       0x34 c:/st/stm32cubeide_1.0.2/stm32cubeide/plugins/com.st.stm32cube.ide.mcu.externaltools.gnu-tools-for-stm32.7-2018-q2-update.win32_1.0.0.201904181610/tools/bin/../lib/gcc/arm-none-eabi/7.3.1/../../../../arm-none-eabi/lib/thumb/v7e-m/fpv4-sp/hard\libc_nano.a(lib_a-ctype_.o)
 .ARM.attributes
                0x0000000000000765       0x22 c:/st/stm32cubeide_1.0.2/stm32cubeide/plugins/com.st.stm32cube.ide.mcu.externaltools.gnu-tools-for-stm32.7-2018-q2-update.win32_1.0.0.201904181610/tools/bin/../lib/gcc/arm-none-eabi/7.3.1/thumb/v7e-m/fpv4-sp/hard/crtn.o
OUTPUT(UART_sniffer.elf elf32-littlearm)

.debug_info     0x0000000000000000    0x17e1d
 .debug_info    0x0000000000000000      0xf5b Drivers/STM32F3xx_HAL_Driver/Src/stm32f3xx_hal.o
 .debug_info    0x0000000000000f5b     0x1359 Drivers/STM32F3xx_HAL_Driver/Src/stm32f3xx_hal_cortex.o
 .debug_info    0x00000000000022b4      0xfdf Drivers/STM32F3xx_HAL_Driver/Src/stm32f3xx_hal_gpio.o
 .debug_info    0x0000000000003293     0x1de8 Drivers/STM32F3xx_HAL_Driver/Src/stm32f3xx_hal_spi.o
 .debug_info    0x000000000000507b     0x1050 Drivers/STM32F3xx_HAL_Driver/Src/stm32f3xx_ll_gpio.o
 .debug_info    0x00000000000060cb      0xf72 Drivers/STM32F3xx_HAL_Driver/Src/stm32f3xx_ll_rcc.o
 .debug_info    0x000000000000703d      0xf2c Drivers/STM32F3xx_HAL_Driver/Src/stm32f3xx_ll_usart.o
 .debug_info    0x0000000000007f69     0x1086 Drivers/STM32F3xx_HAL_Driver/Src/stm32f3xx_ll_utils.o
 .debug_info    0x0000000000008fef      0xcf5 Middlewares/Third_Party/FatFs/src/diskio.o
 .debug_info    0x0000000000009ce4     0x2d33 Middlewares/Third_Party/FatFs/src/ff.o
 .debug_info    0x000000000000ca17      0xc8d Middlewares/Third_Party/FatFs/src/ff_gen_drv.o
 .debug_info    0x000000000000d6a4      0xa9f Middlewares/Third_Party/FatFs/src/option/ccsbcs.o
 .debug_info    0x000000000000e143      0xdd5 Src/fatfs.o
 .debug_info    0x000000000000ef18     0x13f3 Src/fatfs_sd.o
 .debug_info    0x000000000001030b      0xc03 Src/gpio.o
 .debug_info    0x0000000000010f0e     0x19bc Src/main.o
 .debug_info    0x00000000000128ca     0x10d2 Src/spi.o
 .debug_info    0x000000000001399c      0xab0 Src/stm32f3xx_hal_msp.o
 .debug_info    0x000000000001444c      0xc33 Src/stm32f3xx_it.o
 .debug_info    0x000000000001507f      0xc6e Src/system_stm32f3xx.o
 .debug_info    0x0000000000015ced     0x1486 Src/usart.o
 .debug_info    0x0000000000017173      0xc88 Src/user_diskio.o
 .debug_info    0x0000000000017dfb       0x22 Startup/startup_stm32f303k8tx.o

.debug_abbrev   0x0000000000000000     0x3528
 .debug_abbrev  0x0000000000000000      0x283 Drivers/STM32F3xx_HAL_Driver/Src/stm32f3xx_hal.o
 .debug_abbrev  0x0000000000000283      0x339 Drivers/STM32F3xx_HAL_Driver/Src/stm32f3xx_hal_cortex.o
 .debug_abbrev  0x00000000000005bc      0x251 Drivers/STM32F3xx_HAL_Driver/Src/stm32f3xx_hal_gpio.o
 .debug_abbrev  0x000000000000080d      0x299 Drivers/STM32F3xx_HAL_Driver/Src/stm32f3xx_hal_spi.o
 .debug_abbrev  0x0000000000000aa6      0x29a Drivers/STM32F3xx_HAL_Driver/Src/stm32f3xx_ll_gpio.o
 .debug_abbrev  0x0000000000000d40      0x2cf Drivers/STM32F3xx_HAL_Driver/Src/stm32f3xx_ll_rcc.o
 .debug_abbrev  0x000000000000100f      0x248 Drivers/STM32F3xx_HAL_Driver/Src/stm32f3xx_ll_usart.o
 .debug_abbrev  0x0000000000001257      0x2fd Drivers/STM32F3xx_HAL_Driver/Src/stm32f3xx_ll_utils.o
 .debug_abbrev  0x0000000000001554      0x209 Middlewares/Third_Party/FatFs/src/diskio.o
 .debug_abbrev  0x000000000000175d      0x2ea Middlewares/Third_Party/FatFs/src/ff.o
 .debug_abbrev  0x0000000000001a47      0x236 Middlewares/Third_Party/FatFs/src/ff_gen_drv.o
 .debug_abbrev  0x0000000000001c7d      0x1fe Middlewares/Third_Party/FatFs/src/option/ccsbcs.o
 .debug_abbrev  0x0000000000001e7b      0x217 Src/fatfs.o
 .debug_abbrev  0x0000000000002092      0x2c4 Src/fatfs_sd.o
 .debug_abbrev  0x0000000000002356      0x1ff Src/gpio.o
 .debug_abbrev  0x0000000000002555      0x357 Src/main.o
 .debug_abbrev  0x00000000000028ac      0x1fb Src/spi.o
 .debug_abbrev  0x0000000000002aa7      0x1c5 Src/stm32f3xx_hal_msp.o
 .debug_abbrev  0x0000000000002c6c      0x21b Src/stm32f3xx_it.o
 .debug_abbrev  0x0000000000002e87      0x1e7 Src/system_stm32f3xx.o
 .debug_abbrev  0x000000000000306e      0x2a1 Src/usart.o
 .debug_abbrev  0x000000000000330f      0x207 Src/user_diskio.o
 .debug_abbrev  0x0000000000003516       0x12 Startup/startup_stm32f303k8tx.o

.debug_aranges  0x0000000000000000      0xd98
 .debug_aranges
                0x0000000000000000       0xe0 Drivers/STM32F3xx_HAL_Driver/Src/stm32f3xx_hal.o
 .debug_aranges
                0x00000000000000e0      0x100 Drivers/STM32F3xx_HAL_Driver/Src/stm32f3xx_hal_cortex.o
 .debug_aranges
                0x00000000000001e0       0x58 Drivers/STM32F3xx_HAL_Driver/Src/stm32f3xx_hal_gpio.o
 .debug_aranges
                0x0000000000000238      0x1d8 Drivers/STM32F3xx_HAL_Driver/Src/stm32f3xx_hal_spi.o
 .debug_aranges
                0x0000000000000410       0x70 Drivers/STM32F3xx_HAL_Driver/Src/stm32f3xx_ll_gpio.o
 .debug_aranges
                0x0000000000000480      0x100 Drivers/STM32F3xx_HAL_Driver/Src/stm32f3xx_ll_rcc.o
 .debug_aranges
                0x0000000000000580       0x88 Drivers/STM32F3xx_HAL_Driver/Src/stm32f3xx_ll_usart.o
 .debug_aranges
                0x0000000000000608       0xf0 Drivers/STM32F3xx_HAL_Driver/Src/stm32f3xx_ll_utils.o
 .debug_aranges
                0x00000000000006f8       0x48 Middlewares/Third_Party/FatFs/src/diskio.o
 .debug_aranges
                0x0000000000000740      0x210 Middlewares/Third_Party/FatFs/src/ff.o
 .debug_aranges
                0x0000000000000950       0x40 Middlewares/Third_Party/FatFs/src/ff_gen_drv.o
 .debug_aranges
                0x0000000000000990       0x28 Middlewares/Third_Party/FatFs/src/option/ccsbcs.o
 .debug_aranges
                0x00000000000009b8       0x28 Src/fatfs.o
 .debug_aranges
                0x00000000000009e0       0xa0 Src/fatfs_sd.o
 .debug_aranges
                0x0000000000000a80       0x30 Src/gpio.o
 .debug_aranges
                0x0000000000000ab0       0xe0 Src/main.o
 .debug_aranges
                0x0000000000000b90       0x30 Src/spi.o
 .debug_aranges
                0x0000000000000bc0       0x20 Src/stm32f3xx_hal_msp.o
 .debug_aranges
                0x0000000000000be0       0x88 Src/stm32f3xx_it.o
 .debug_aranges
                0x0000000000000c68       0x28 Src/system_stm32f3xx.o
 .debug_aranges
                0x0000000000000c90       0xa0 Src/usart.o
 .debug_aranges
                0x0000000000000d30       0x40 Src/user_diskio.o
 .debug_aranges
                0x0000000000000d70       0x28 Startup/startup_stm32f303k8tx.o

.debug_ranges   0x0000000000000000      0xc30
 .debug_ranges  0x0000000000000000       0xd0 Drivers/STM32F3xx_HAL_Driver/Src/stm32f3xx_hal.o
 .debug_ranges  0x00000000000000d0       0xf0 Drivers/STM32F3xx_HAL_Driver/Src/stm32f3xx_hal_cortex.o
 .debug_ranges  0x00000000000001c0       0x48 Drivers/STM32F3xx_HAL_Driver/Src/stm32f3xx_hal_gpio.o
 .debug_ranges  0x0000000000000208      0x1c8 Drivers/STM32F3xx_HAL_Driver/Src/stm32f3xx_hal_spi.o
 .debug_ranges  0x00000000000003d0       0x60 Drivers/STM32F3xx_HAL_Driver/Src/stm32f3xx_ll_gpio.o
 .debug_ranges  0x0000000000000430       0xf0 Drivers/STM32F3xx_HAL_Driver/Src/stm32f3xx_ll_rcc.o
 .debug_ranges  0x0000000000000520       0x78 Drivers/STM32F3xx_HAL_Driver/Src/stm32f3xx_ll_usart.o
 .debug_ranges  0x0000000000000598       0xe0 Drivers/STM32F3xx_HAL_Driver/Src/stm32f3xx_ll_utils.o
 .debug_ranges  0x0000000000000678       0x38 Middlewares/Third_Party/FatFs/src/diskio.o
 .debug_ranges  0x00000000000006b0      0x200 Middlewares/Third_Party/FatFs/src/ff.o
 .debug_ranges  0x00000000000008b0       0x30 Middlewares/Third_Party/FatFs/src/ff_gen_drv.o
 .debug_ranges  0x00000000000008e0       0x18 Middlewares/Third_Party/FatFs/src/option/ccsbcs.o
 .debug_ranges  0x00000000000008f8       0x18 Src/fatfs.o
 .debug_ranges  0x0000000000000910       0x90 Src/fatfs_sd.o
 .debug_ranges  0x00000000000009a0       0x20 Src/gpio.o
 .debug_ranges  0x00000000000009c0       0xd0 Src/main.o
 .debug_ranges  0x0000000000000a90       0x20 Src/spi.o
 .debug_ranges  0x0000000000000ab0       0x10 Src/stm32f3xx_hal_msp.o
 .debug_ranges  0x0000000000000ac0       0x78 Src/stm32f3xx_it.o
 .debug_ranges  0x0000000000000b38       0x18 Src/system_stm32f3xx.o
 .debug_ranges  0x0000000000000b50       0x90 Src/usart.o
 .debug_ranges  0x0000000000000be0       0x30 Src/user_diskio.o
 .debug_ranges  0x0000000000000c10       0x20 Startup/startup_stm32f303k8tx.o

.debug_macro    0x0000000000000000    0x1bdf0
 .debug_macro   0x0000000000000000      0x323 Drivers/STM32F3xx_HAL_Driver/Src/stm32f3xx_hal.o
 .debug_macro   0x0000000000000323      0xa60 Drivers/STM32F3xx_HAL_Driver/Src/stm32f3xx_hal.o
 .debug_macro   0x0000000000000d83       0xa5 Drivers/STM32F3xx_HAL_Driver/Src/stm32f3xx_hal.o
 .debug_macro   0x0000000000000e28       0x2f Drivers/STM32F3xx_HAL_Driver/Src/stm32f3xx_hal.o
 .debug_macro   0x0000000000000e57       0x28 Drivers/STM32F3xx_HAL_Driver/Src/stm32f3xx_hal.o
 .debug_macro   0x0000000000000e7f       0x22 Drivers/STM32F3xx_HAL_Driver/Src/stm32f3xx_hal.o
 .debug_macro   0x0000000000000ea1       0x8e Drivers/STM32F3xx_HAL_Driver/Src/stm32f3xx_hal.o
 .debug_macro   0x0000000000000f2f       0x51 Drivers/STM32F3xx_HAL_Driver/Src/stm32f3xx_hal.o
 .debug_macro   0x0000000000000f80       0xef Drivers/STM32F3xx_HAL_Driver/Src/stm32f3xx_hal.o
 .debug_macro   0x000000000000106f       0x6a Drivers/STM32F3xx_HAL_Driver/Src/stm32f3xx_hal.o
 .debug_macro   0x00000000000010d9      0x1df Drivers/STM32F3xx_HAL_Driver/Src/stm32f3xx_hal.o
 .debug_macro   0x00000000000012b8       0x35 Drivers/STM32F3xx_HAL_Driver/Src/stm32f3xx_hal.o
 .debug_macro   0x00000000000012ed       0x50 Drivers/STM32F3xx_HAL_Driver/Src/stm32f3xx_hal.o
 .debug_macro   0x000000000000133d      0xd40 Drivers/STM32F3xx_HAL_Driver/Src/stm32f3xx_hal.o
 .debug_macro   0x000000000000207d    0x10bf5 Drivers/STM32F3xx_HAL_Driver/Src/stm32f3xx_hal.o
 .debug_macro   0x0000000000012c72       0x43 Drivers/STM32F3xx_HAL_Driver/Src/stm32f3xx_hal.o
 .debug_macro   0x0000000000012cb5       0x46 Drivers/STM32F3xx_HAL_Driver/Src/stm32f3xx_hal.o
 .debug_macro   0x0000000000012cfb       0x18 Drivers/STM32F3xx_HAL_Driver/Src/stm32f3xx_hal.o
 .debug_macro   0x0000000000012d13       0x3c Drivers/STM32F3xx_HAL_Driver/Src/stm32f3xx_hal.o
 .debug_macro   0x0000000000012d4f       0x34 Drivers/STM32F3xx_HAL_Driver/Src/stm32f3xx_hal.o
 .debug_macro   0x0000000000012d83       0x16 Drivers/STM32F3xx_HAL_Driver/Src/stm32f3xx_hal.o
 .debug_macro   0x0000000000012d99       0x97 Drivers/STM32F3xx_HAL_Driver/Src/stm32f3xx_hal.o
 .debug_macro   0x0000000000012e30      0x330 Drivers/STM32F3xx_HAL_Driver/Src/stm32f3xx_hal.o
 .debug_macro   0x0000000000013160       0xfd Drivers/STM32F3xx_HAL_Driver/Src/stm32f3xx_hal.o
 .debug_macro   0x000000000001325d       0x10 Drivers/STM32F3xx_HAL_Driver/Src/stm32f3xx_hal.o
 .debug_macro   0x000000000001326d       0x52 Drivers/STM32F3xx_HAL_Driver/Src/stm32f3xx_hal.o
 .debug_macro   0x00000000000132bf       0x1f Drivers/STM32F3xx_HAL_Driver/Src/stm32f3xx_hal.o
 .debug_macro   0x00000000000132de       0x43 Drivers/STM32F3xx_HAL_Driver/Src/stm32f3xx_hal.o
 .debug_macro   0x0000000000013321       0x20 Drivers/STM32F3xx_HAL_Driver/Src/stm32f3xx_hal.o
 .debug_macro   0x0000000000013341      0x1a3 Drivers/STM32F3xx_HAL_Driver/Src/stm32f3xx_hal.o
 .debug_macro   0x00000000000134e4       0x10 Drivers/STM32F3xx_HAL_Driver/Src/stm32f3xx_hal.o
 .debug_macro   0x00000000000134f4       0x1c Drivers/STM32F3xx_HAL_Driver/Src/stm32f3xx_hal.o
 .debug_macro   0x0000000000013510       0x52 Drivers/STM32F3xx_HAL_Driver/Src/stm32f3xx_hal.o
 .debug_macro   0x0000000000013562       0x40 Drivers/STM32F3xx_HAL_Driver/Src/stm32f3xx_hal.o
 .debug_macro   0x00000000000135a2       0x10 Drivers/STM32F3xx_HAL_Driver/Src/stm32f3xx_hal.o
 .debug_macro   0x00000000000135b2       0x40 Drivers/STM32F3xx_HAL_Driver/Src/stm32f3xx_hal.o
 .debug_macro   0x00000000000135f2       0xd7 Drivers/STM32F3xx_HAL_Driver/Src/stm32f3xx_hal.o
 .debug_macro   0x00000000000136c9       0x1c Drivers/STM32F3xx_HAL_Driver/Src/stm32f3xx_hal.o
 .debug_macro   0x00000000000136e5       0x3d Drivers/STM32F3xx_HAL_Driver/Src/stm32f3xx_hal.o
 .debug_macro   0x0000000000013722       0x16 Drivers/STM32F3xx_HAL_Driver/Src/stm32f3xx_hal.o
 .debug_macro   0x0000000000013738      0x145 Drivers/STM32F3xx_HAL_Driver/Src/stm32f3xx_hal.o
 .debug_macro   0x000000000001387d       0x50 Drivers/STM32F3xx_HAL_Driver/Src/stm32f3xx_hal.o
 .debug_macro   0x00000000000138cd      0x8ff Drivers/STM32F3xx_HAL_Driver/Src/stm32f3xx_hal.o
 .debug_macro   0x00000000000141cc      0x304 Drivers/STM32F3xx_HAL_Driver/Src/stm32f3xx_hal.o
 .debug_macro   0x00000000000144d0      0x13a Drivers/STM32F3xx_HAL_Driver/Src/stm32f3xx_hal.o
 .debug_macro   0x000000000001460a      0x11b Drivers/STM32F3xx_HAL_Driver/Src/stm32f3xx_hal.o
 .debug_macro   0x0000000000014725      0x1bc Drivers/STM32F3xx_HAL_Driver/Src/stm32f3xx_hal.o
 .debug_macro   0x00000000000148e1       0x34 Drivers/STM32F3xx_HAL_Driver/Src/stm32f3xx_hal.o
 .debug_macro   0x0000000000014915       0x3c Drivers/STM32F3xx_HAL_Driver/Src/stm32f3xx_hal.o
 .debug_macro   0x0000000000014951       0x57 Drivers/STM32F3xx_HAL_Driver/Src/stm32f3xx_hal.o
 .debug_macro   0x00000000000149a8       0xcb Drivers/STM32F3xx_HAL_Driver/Src/stm32f3xx_hal.o
 .debug_macro   0x0000000000014a73      0x1a0 Drivers/STM32F3xx_HAL_Driver/Src/stm32f3xx_hal.o
 .debug_macro   0x0000000000014c13      0x209 Drivers/STM32F3xx_HAL_Driver/Src/stm32f3xx_hal.o
 .debug_macro   0x0000000000014e1c       0x5b Drivers/STM32F3xx_HAL_Driver/Src/stm32f3xx_hal.o
 .debug_macro   0x0000000000014e77       0x90 Drivers/STM32F3xx_HAL_Driver/Src/stm32f3xx_hal.o
 .debug_macro   0x0000000000014f07       0x82 Drivers/STM32F3xx_HAL_Driver/Src/stm32f3xx_hal.o
 .debug_macro   0x0000000000014f89       0xd3 Drivers/STM32F3xx_HAL_Driver/Src/stm32f3xx_hal.o
 .debug_macro   0x000000000001505c      0x2e9 Drivers/STM32F3xx_HAL_Driver/Src/stm32f3xx_hal.o
 .debug_macro   0x0000000000015345      0x28c Drivers/STM32F3xx_HAL_Driver/Src/stm32f3xx_hal.o
 .debug_macro   0x00000000000155d1      0x2ff Drivers/STM32F3xx_HAL_Driver/Src/stm32f3xx_hal_cortex.o
 .debug_macro   0x00000000000158d0      0x337 Drivers/STM32F3xx_HAL_Driver/Src/stm32f3xx_hal_gpio.o
 .debug_macro   0x0000000000015c07      0x307 Drivers/STM32F3xx_HAL_Driver/Src/stm32f3xx_hal_spi.o
 .debug_macro   0x0000000000015f0e      0x341 Drivers/STM32F3xx_HAL_Driver/Src/stm32f3xx_ll_gpio.o
 .debug_macro   0x000000000001624f      0x149 Drivers/STM32F3xx_HAL_Driver/Src/stm32f3xx_ll_gpio.o
 .debug_macro   0x0000000000016398      0x334 Drivers/STM32F3xx_HAL_Driver/Src/stm32f3xx_ll_rcc.o
 .debug_macro   0x00000000000166cc      0x4b5 Drivers/STM32F3xx_HAL_Driver/Src/stm32f3xx_ll_rcc.o
 .debug_macro   0x0000000000016b81      0x374 Drivers/STM32F3xx_HAL_Driver/Src/stm32f3xx_ll_usart.o
 .debug_macro   0x0000000000016ef5      0x2f1 Drivers/STM32F3xx_HAL_Driver/Src/stm32f3xx_ll_usart.o
 .debug_macro   0x00000000000171e6      0x4bb Drivers/STM32F3xx_HAL_Driver/Src/stm32f3xx_ll_usart.o
 .debug_macro   0x00000000000176a1      0x37f Drivers/STM32F3xx_HAL_Driver/Src/stm32f3xx_ll_utils.o
 .debug_macro   0x0000000000017a20       0x30 Drivers/STM32F3xx_HAL_Driver/Src/stm32f3xx_ll_utils.o
 .debug_macro   0x0000000000017a50      0x2a5 Drivers/STM32F3xx_HAL_Driver/Src/stm32f3xx_ll_utils.o
 .debug_macro   0x0000000000017cf5       0xaf Drivers/STM32F3xx_HAL_Driver/Src/stm32f3xx_ll_utils.o
 .debug_macro   0x0000000000017da4      0x3a8 Middlewares/Third_Party/FatFs/src/diskio.o
 .debug_macro   0x000000000001814c       0x16 Middlewares/Third_Party/FatFs/src/diskio.o
 .debug_macro   0x0000000000018162       0x7c Middlewares/Third_Party/FatFs/src/diskio.o
 .debug_macro   0x00000000000181de      0x102 Middlewares/Third_Party/FatFs/src/diskio.o
 .debug_macro   0x00000000000182e0       0x28 Middlewares/Third_Party/FatFs/src/diskio.o
 .debug_macro   0x0000000000018308      0x287 Middlewares/Third_Party/FatFs/src/diskio.o
 .debug_macro   0x000000000001858f      0x2f7 Middlewares/Third_Party/FatFs/src/diskio.o
 .debug_macro   0x0000000000018886      0x14f Middlewares/Third_Party/FatFs/src/diskio.o
 .debug_macro   0x00000000000189d5       0x40 Middlewares/Third_Party/FatFs/src/diskio.o
 .debug_macro   0x0000000000018a15       0xd8 Middlewares/Third_Party/FatFs/src/diskio.o
 .debug_macro   0x0000000000018aed       0xee Middlewares/Third_Party/FatFs/src/diskio.o
 .debug_macro   0x0000000000018bdb      0x5ef Middlewares/Third_Party/FatFs/src/ff.o
 .debug_macro   0x00000000000191ca       0x8e Middlewares/Third_Party/FatFs/src/ff.o
 .debug_macro   0x0000000000019258       0x4c Middlewares/Third_Party/FatFs/src/ff.o
 .debug_macro   0x00000000000192a4      0x3a8 Middlewares/Third_Party/FatFs/src/ff_gen_drv.o
 .debug_macro   0x000000000001964c      0x396 Middlewares/Third_Party/FatFs/src/option/ccsbcs.o
 .debug_macro   0x00000000000199e2      0x3bb Src/fatfs.o
 .debug_macro   0x0000000000019d9d      0x33e Src/fatfs_sd.o
 .debug_macro   0x000000000001a0db       0x6a Src/fatfs_sd.o
 .debug_macro   0x000000000001a145      0x372 Src/gpio.o
 .debug_macro   0x000000000001a4b7      0x450 Src/main.o
 .debug_macro   0x000000000001a907       0x16 Src/main.o
 .debug_macro   0x000000000001a91d       0x20 Src/main.o
 .debug_macro   0x000000000001a93d      0x372 Src/spi.o
 .debug_macro   0x000000000001acaf      0x368 Src/stm32f3xx_hal_msp.o
 .debug_macro   0x000000000001b017      0x380 Src/stm32f3xx_it.o
 .debug_macro   0x000000000001b397      0x305 Src/system_stm32f3xx.o
 .debug_macro   0x000000000001b69c      0x372 Src/usart.o
 .debug_macro   0x000000000001ba0e      0x3d2 Src/user_diskio.o
 .debug_macro   0x000000000001bde0       0x10 Src/user_diskio.o

.debug_line     0x0000000000000000     0xfb31
 .debug_line    0x0000000000000000      0xa06 Drivers/STM32F3xx_HAL_Driver/Src/stm32f3xx_hal.o
 .debug_line    0x0000000000000a06      0xad2 Drivers/STM32F3xx_HAL_Driver/Src/stm32f3xx_hal_cortex.o
 .debug_line    0x00000000000014d8      0x9a9 Drivers/STM32F3xx_HAL_Driver/Src/stm32f3xx_hal_gpio.o
 .debug_line    0x0000000000001e81     0x127a Drivers/STM32F3xx_HAL_Driver/Src/stm32f3xx_hal_spi.o
 .debug_line    0x00000000000030fb      0xa11 Drivers/STM32F3xx_HAL_Driver/Src/stm32f3xx_ll_gpio.o
 .debug_line    0x0000000000003b0c      0xaec Drivers/STM32F3xx_HAL_Driver/Src/stm32f3xx_ll_rcc.o
 .debug_line    0x00000000000045f8      0x9c2 Drivers/STM32F3xx_HAL_Driver/Src/stm32f3xx_ll_usart.o
 .debug_line    0x0000000000004fba      0xb05 Drivers/STM32F3xx_HAL_Driver/Src/stm32f3xx_ll_utils.o
 .debug_line    0x0000000000005abf      0x9c1 Middlewares/Third_Party/FatFs/src/diskio.o
 .debug_line    0x0000000000006480     0x1e37 Middlewares/Third_Party/FatFs/src/ff.o
 .debug_line    0x00000000000082b7      0x9c0 Middlewares/Third_Party/FatFs/src/ff_gen_drv.o
 .debug_line    0x0000000000008c77      0x9d3 Middlewares/Third_Party/FatFs/src/option/ccsbcs.o
 .debug_line    0x000000000000964a      0x992 Src/fatfs.o
 .debug_line    0x0000000000009fdc      0xb8a Src/fatfs_sd.o
 .debug_line    0x000000000000ab66      0x940 Src/gpio.o
 .debug_line    0x000000000000b4a6      0xc9b Src/main.o
 .debug_line    0x000000000000c141      0x947 Src/spi.o
 .debug_line    0x000000000000ca88      0x911 Src/stm32f3xx_hal_msp.o
 .debug_line    0x000000000000d399      0xa3a Src/stm32f3xx_it.o
 .debug_line    0x000000000000ddd3      0x84f Src/system_stm32f3xx.o
 .debug_line    0x000000000000e622      0xaa8 Src/usart.o
 .debug_line    0x000000000000f0ca      0x9e6 Src/user_diskio.o
 .debug_line    0x000000000000fab0       0x81 Startup/startup_stm32f303k8tx.o

.debug_str      0x0000000000000000    0x877be
 .debug_str     0x0000000000000000    0x7ac3c Drivers/STM32F3xx_HAL_Driver/Src/stm32f3xx_hal.o
                                      0x7b1a3 (size before relaxing)
 .debug_str     0x000000000007ac3c      0x330 Drivers/STM32F3xx_HAL_Driver/Src/stm32f3xx_hal_cortex.o
                                      0x7b17b (size before relaxing)
 .debug_str     0x000000000007af6c      0x2ec Drivers/STM32F3xx_HAL_Driver/Src/stm32f3xx_hal_gpio.o
                                      0x7ae40 (size before relaxing)
 .debug_str     0x000000000007b258      0x8e1 Drivers/STM32F3xx_HAL_Driver/Src/stm32f3xx_hal_spi.o
                                      0x7b3f5 (size before relaxing)
 .debug_str     0x000000000007bb39     0x1391 Drivers/STM32F3xx_HAL_Driver/Src/stm32f3xx_ll_gpio.o
                                      0x7bead (size before relaxing)
 .debug_str     0x000000000007ceca     0x27e6 Drivers/STM32F3xx_HAL_Driver/Src/stm32f3xx_ll_rcc.o
                                      0x7d2d7 (size before relaxing)
 .debug_str     0x000000000007f6b0     0x1a37 Drivers/STM32F3xx_HAL_Driver/Src/stm32f3xx_ll_usart.o
                                      0x7edeb (size before relaxing)
 .debug_str     0x00000000000810e7     0x2cf2 Drivers/STM32F3xx_HAL_Driver/Src/stm32f3xx_ll_utils.o
                                      0x7fb47 (size before relaxing)
 .debug_str     0x0000000000083dd9     0x2101 Middlewares/Third_Party/FatFs/src/diskio.o
                                      0x82bfa (size before relaxing)
 .debug_str     0x0000000000085eda      0xe46 Middlewares/Third_Party/FatFs/src/ff.o
                                      0x83a30 (size before relaxing)
 .debug_str     0x0000000000086d20       0xa2 Middlewares/Third_Party/FatFs/src/ff_gen_drv.o
                                      0x82c4b (size before relaxing)
 .debug_str     0x0000000000086dc2       0x6a Middlewares/Third_Party/FatFs/src/option/ccsbcs.o
                                      0x829eb (size before relaxing)
 .debug_str     0x0000000000086e2c       0x69 Src/fatfs.o
                                      0x82cbd (size before relaxing)
 .debug_str     0x0000000000086e95      0x27a Src/fatfs_sd.o
                                      0x7b2e0 (size before relaxing)
 .debug_str     0x000000000008710f       0x55 Src/gpio.o
                                      0x824b4 (size before relaxing)
 .debug_str     0x0000000000087164      0x2e0 Src/main.o
                                      0x837ae (size before relaxing)
 .debug_str     0x0000000000087444       0x24 Src/spi.o
                                      0x82885 (size before relaxing)
 .debug_str     0x0000000000087468       0x1b Src/stm32f3xx_hal_msp.o
                                      0x823f5 (size before relaxing)
 .debug_str     0x0000000000087483      0x126 Src/stm32f3xx_it.o
                                      0x82524 (size before relaxing)
 .debug_str     0x00000000000875a9       0x64 Src/system_stm32f3xx.o
                                      0x7ab71 (size before relaxing)
 .debug_str     0x000000000008760d      0x12f Src/usart.o
                                      0x82aef (size before relaxing)
 .debug_str     0x000000000008773c       0x51 Src/user_diskio.o
                                      0x82cb9 (size before relaxing)
 .debug_str     0x000000000008778d       0x31 Startup/startup_stm32f303k8tx.o
                                         0x78 (size before relaxing)

.comment        0x0000000000000000       0x7b
 .comment       0x0000000000000000       0x7b Drivers/STM32F3xx_HAL_Driver/Src/stm32f3xx_hal.o
                                         0x7c (size before relaxing)
 .comment       0x000000000000007b       0x7c Drivers/STM32F3xx_HAL_Driver/Src/stm32f3xx_hal_cortex.o
 .comment       0x000000000000007b       0x7c Drivers/STM32F3xx_HAL_Driver/Src/stm32f3xx_hal_gpio.o
 .comment       0x000000000000007b       0x7c Drivers/STM32F3xx_HAL_Driver/Src/stm32f3xx_hal_spi.o
 .comment       0x000000000000007b       0x7c Drivers/STM32F3xx_HAL_Driver/Src/stm32f3xx_ll_gpio.o
 .comment       0x000000000000007b       0x7c Drivers/STM32F3xx_HAL_Driver/Src/stm32f3xx_ll_rcc.o
 .comment       0x000000000000007b       0x7c Drivers/STM32F3xx_HAL_Driver/Src/stm32f3xx_ll_usart.o
 .comment       0x000000000000007b       0x7c Drivers/STM32F3xx_HAL_Driver/Src/stm32f3xx_ll_utils.o
 .comment       0x000000000000007b       0x7c Middlewares/Third_Party/FatFs/src/diskio.o
 .comment       0x000000000000007b       0x7c Middlewares/Third_Party/FatFs/src/ff.o
 .comment       0x000000000000007b       0x7c Middlewares/Third_Party/FatFs/src/ff_gen_drv.o
 .comment       0x000000000000007b       0x7c Middlewares/Third_Party/FatFs/src/option/ccsbcs.o
 .comment       0x000000000000007b       0x7c Src/fatfs.o
 .comment       0x000000000000007b       0x7c Src/fatfs_sd.o
 .comment       0x000000000000007b       0x7c Src/gpio.o
 .comment       0x000000000000007b       0x7c Src/main.o
 .comment       0x000000000000007b       0x7c Src/spi.o
 .comment       0x000000000000007b       0x7c Src/stm32f3xx_hal_msp.o
 .comment       0x000000000000007b       0x7c Src/stm32f3xx_it.o
 .comment       0x000000000000007b       0x7c Src/system_stm32f3xx.o
 .comment       0x000000000000007b       0x7c Src/usart.o
 .comment       0x000000000000007b       0x7c Src/user_diskio.o

.debug_frame    0x0000000000000000     0x379c
 .debug_frame   0x0000000000000000      0x334 Drivers/STM32F3xx_HAL_Driver/Src/stm32f3xx_hal.o
 .debug_frame   0x0000000000000334      0x428 Drivers/STM32F3xx_HAL_Driver/Src/stm32f3xx_hal_cortex.o
 .debug_frame   0x000000000000075c      0x14c Drivers/STM32F3xx_HAL_Driver/Src/stm32f3xx_hal_gpio.o
 .debug_frame   0x00000000000008a8      0x864 Drivers/STM32F3xx_HAL_Driver/Src/stm32f3xx_hal_spi.o
 .debug_frame   0x000000000000110c      0x1c0 Drivers/STM32F3xx_HAL_Driver/Src/stm32f3xx_ll_gpio.o
 .debug_frame   0x00000000000012cc      0x408 Drivers/STM32F3xx_HAL_Driver/Src/stm32f3xx_ll_rcc.o
 .debug_frame   0x00000000000016d4      0x238 Drivers/STM32F3xx_HAL_Driver/Src/stm32f3xx_ll_usart.o
 .debug_frame   0x000000000000190c      0x3dc Drivers/STM32F3xx_HAL_Driver/Src/stm32f3xx_ll_utils.o
 .debug_frame   0x0000000000001ce8       0xec Middlewares/Third_Party/FatFs/src/diskio.o
 .debug_frame   0x0000000000001dd4      0x994 Middlewares/Third_Party/FatFs/src/ff.o
 .debug_frame   0x0000000000002768       0xc8 Middlewares/Third_Party/FatFs/src/ff_gen_drv.o
 .debug_frame   0x0000000000002830       0x60 Middlewares/Third_Party/FatFs/src/option/ccsbcs.o
 .debug_frame   0x0000000000002890       0x4c Src/fatfs.o
 .debug_frame   0x00000000000028dc      0x268 Src/fatfs_sd.o
 .debug_frame   0x0000000000002b44       0x84 Src/gpio.o
 .debug_frame   0x0000000000002bc8      0x39c Src/main.o
 .debug_frame   0x0000000000002f64       0x74 Src/spi.o
 .debug_frame   0x0000000000002fd8       0x38 Src/stm32f3xx_hal_msp.o
 .debug_frame   0x0000000000003010      0x1b4 Src/stm32f3xx_it.o
 .debug_frame   0x00000000000031c4       0x58 Src/system_stm32f3xx.o
 .debug_frame   0x000000000000321c      0x2a0 Src/usart.o
 .debug_frame   0x00000000000034bc       0xc4 Src/user_diskio.o
 .debug_frame   0x0000000000003580       0x30 c:/st/stm32cubeide_1.0.2/stm32cubeide/plugins/com.st.stm32cube.ide.mcu.externaltools.gnu-tools-for-stm32.7-2018-q2-update.win32_1.0.0.201904181610/tools/bin/../lib/gcc/arm-none-eabi/7.3.1/../../../../arm-none-eabi/lib/thumb/v7e-m/fpv4-sp/hard\libc_nano.a(lib_a-atoi.o)
 .debug_frame   0x00000000000035b0       0x2c c:/st/stm32cubeide_1.0.2/stm32cubeide/plugins/com.st.stm32cube.ide.mcu.externaltools.gnu-tools-for-stm32.7-2018-q2-update.win32_1.0.0.201904181610/tools/bin/../lib/gcc/arm-none-eabi/7.3.1/../../../../arm-none-eabi/lib/thumb/v7e-m/fpv4-sp/hard\libc_nano.a(lib_a-init.o)
 .debug_frame   0x00000000000035dc       0x20 c:/st/stm32cubeide_1.0.2/stm32cubeide/plugins/com.st.stm32cube.ide.mcu.externaltools.gnu-tools-for-stm32.7-2018-q2-update.win32_1.0.0.201904181610/tools/bin/../lib/gcc/arm-none-eabi/7.3.1/../../../../arm-none-eabi/lib/thumb/v7e-m/fpv4-sp/hard\libc_nano.a(lib_a-strchr.o)
 .debug_frame   0x00000000000035fc       0x30 c:/st/stm32cubeide_1.0.2/stm32cubeide/plugins/com.st.stm32cube.ide.mcu.externaltools.gnu-tools-for-stm32.7-2018-q2-update.win32_1.0.0.201904181610/tools/bin/../lib/gcc/arm-none-eabi/7.3.1/../../../../arm-none-eabi/lib/thumb/v7e-m/fpv4-sp/hard\libc_nano.a(lib_a-strstr.o)
 .debug_frame   0x000000000000362c       0x84 c:/st/stm32cubeide_1.0.2/stm32cubeide/plugins/com.st.stm32cube.ide.mcu.externaltools.gnu-tools-for-stm32.7-2018-q2-update.win32_1.0.0.201904181610/tools/bin/../lib/gcc/arm-none-eabi/7.3.1/../../../../arm-none-eabi/lib/thumb/v7e-m/fpv4-sp/hard\libc_nano.a(lib_a-strtol.o)
 .debug_frame   0x00000000000036b0       0x68 c:/st/stm32cubeide_1.0.2/stm32cubeide/plugins/com.st.stm32cube.ide.mcu.externaltools.gnu-tools-for-stm32.7-2018-q2-update.win32_1.0.0.201904181610/tools/bin/../lib/gcc/arm-none-eabi/7.3.1/../../../../arm-none-eabi/lib/thumb/v7e-m/fpv4-sp/hard\libc_nano.a(lib_a-locale.o)
 .debug_frame   0x0000000000003718       0x48 c:/st/stm32cubeide_1.0.2/stm32cubeide/plugins/com.st.stm32cube.ide.mcu.externaltools.gnu-tools-for-stm32.7-2018-q2-update.win32_1.0.0.201904181610/tools/bin/../lib/gcc/arm-none-eabi/7.3.1/../../../../arm-none-eabi/lib/thumb/v7e-m/fpv4-sp/hard\libc_nano.a(lib_a-mbtowc_r.o)
 .debug_frame   0x0000000000003760       0x3c c:/st/stm32cubeide_1.0.2/stm32cubeide/plugins/com.st.stm32cube.ide.mcu.externaltools.gnu-tools-for-stm32.7-2018-q2-update.win32_1.0.0.201904181610/tools/bin/../lib/gcc/arm-none-eabi/7.3.1/../../../../arm-none-eabi/lib/thumb/v7e-m/fpv4-sp/hard\libc_nano.a(lib_a-wctomb_r.o)
