fatfs_sd.c:24:13:SELECT	8	static
fatfs_sd.c:30:13:DESELECT	8	static
fatfs_sd.c:36:13:SPI_TxByte	16	static
fatfs_sd.c:43:16:SPI_RxByte	24	static
fatfs_sd.c:56:13:SPI_RxBytePtr	16	static
fatfs_sd.c:62:16:SD_ReadyWait	16	static
fatfs_sd.c:81:13:SD_PowerOn	32	static
fatfs_sd.c:124:13:SD_PowerOff	4	static
fatfs_sd.c:130:16:SD_CheckPower	4	static
fatfs_sd.c:137:13:SD_RxDataBlock	24	static
fatfs_sd.c:169:13:SD_TxDataBlock	24	static
fatfs_sd.c:220:13:SD_SendCmd	24	static
fatfs_sd.c:266:9:SD_disk_initialize	32	static
fatfs_sd.c:369:9:SD_disk_status	16	static
fatfs_sd.c:378:9:SD_disk_read	24	static
fatfs_sd.c:422:9:SD_disk_write	24	static
fatfs_sd.c:477:9:SD_disk_ioctl	56	static
