stm32f3xx_ll_rcc.h:1097:22:LL_RCC_HSI_Enable	4	static
stm32f3xx_ll_rcc.h:1117:26:LL_RCC_HSI_IsReady	4	static
stm32f3xx_ll_rcc.h:1143:22:LL_RCC_HSI_SetCalibTrimming	16	static
stm32f3xx_ll_rcc.h:1301:22:LL_RCC_SetSysClkSource	16	static
stm32f3xx_ll_rcc.h:1314:26:LL_RCC_GetSysClkSource	4	static
stm32f3xx_ll_rcc.h:1334:22:LL_RCC_SetAHBPrescaler	16	static
stm32f3xx_ll_rcc.h:1350:22:LL_RCC_SetAPB1Prescaler	16	static
stm32f3xx_ll_rcc.h:1366:22:LL_RCC_SetAPB2Prescaler	16	static
stm32f3xx_ll_rcc.h:1501:22:LL_RCC_SetUSARTClockSource	16	static
stm32f3xx_ll_rcc.h:2185:22:LL_RCC_PLL_Enable	4	static
stm32f3xx_ll_rcc.h:2206:26:LL_RCC_PLL_IsReady	4	static
stm32f3xx_ll_rcc.h:2304:22:LL_RCC_PLL_ConfigDomain_SYS	16	static
stm32f3xx_ll_system.h:1634:22:LL_FLASH_SetLatency	16	static
stm32f3xx_ll_system.h:1647:26:LL_FLASH_GetLatency	4	static
stm32f3xx_ll_gpio.h:895:22:LL_GPIO_SetOutputPin	16	static
stm32f3xx_ll_gpio.h:924:22:LL_GPIO_ResetOutputPin	16	static
main.c:78:5:bufsize	24	static
main.c:85:6:bufclear	24	static
main.c:93:5:parsestr	32	static
main.c:103:6:UART_SD_Init	8	static
main.c:139:5:main	16	static
main.c:234:6:SystemClock_Config	8	static
main.c:273:6:process_serial_data1	16	static
main.c:286:6:process_serial_data2	16	static
main.c:305:6:Error_Handler	4	static
