stm32f3xx_ll_usart.h:2575:26:LL_USART_IsActiveFlag_RXNE	16	static
stm32f3xx_ll_usart.h:3500:25:LL_USART_ReceiveData8	16	static
stm32f3xx_it.c:54:6:SDTimer_Handler	4	static
stm32f3xx_it.c:81:6:NMI_Handler	4	static
stm32f3xx_it.c:94:6:HardFault_Handler	4	static
stm32f3xx_it.c:109:6:MemManage_Handler	4	static
stm32f3xx_it.c:124:6:BusFault_Handler	4	static
stm32f3xx_it.c:139:6:UsageFault_Handler	4	static
stm32f3xx_it.c:154:6:SVC_Handler	4	static
stm32f3xx_it.c:167:6:DebugMon_Handler	4	static
stm32f3xx_it.c:180:6:PendSV_Handler	4	static
stm32f3xx_it.c:193:6:SysTick_Handler	8	static
stm32f3xx_it.c:220:6:USART1_IRQHandler	8	static
stm32f3xx_it.c:236:6:USART2_IRQHandler	8	static
